Archive member included to satisfy reference by file (symbol)

C:/ST/STM32CubeIDE_1.12.0/STM32CubeIDE/plugins/com.st.stm32cube.ide.mcu.externaltools.gnu-tools-for-stm32.13.3.rel1.win32_1.0.0.202411081344/tools/bin/../lib/gcc/arm-none-eabi/13.3.1/../../../../arm-none-eabi/lib/thumb/v7-m/nofp\libc_nano.a(libc_a-exit.o)
                              C:/ST/STM32CubeIDE_1.12.0/STM32CubeIDE/plugins/com.st.stm32cube.ide.mcu.externaltools.gnu-tools-for-stm32.13.3.rel1.win32_1.0.0.202411081344/tools/bin/../lib/gcc/arm-none-eabi/13.3.1/../../../../arm-none-eabi/lib/thumb/v7-m/nofp/crt0.o (exit)
C:/ST/STM32CubeIDE_1.12.0/STM32CubeIDE/plugins/com.st.stm32cube.ide.mcu.externaltools.gnu-tools-for-stm32.13.3.rel1.win32_1.0.0.202411081344/tools/bin/../lib/gcc/arm-none-eabi/13.3.1/../../../../arm-none-eabi/lib/thumb/v7-m/nofp\libc_nano.a(libc_a-findfp.o)
                              C:/ST/STM32CubeIDE_1.12.0/STM32CubeIDE/plugins/com.st.stm32cube.ide.mcu.externaltools.gnu-tools-for-stm32.13.3.rel1.win32_1.0.0.202411081344/tools/bin/../lib/gcc/arm-none-eabi/13.3.1/../../../../arm-none-eabi/lib/thumb/v7-m/nofp\libc_nano.a(libc_a-exit.o) (__stdio_exit_handler)
C:/ST/STM32CubeIDE_1.12.0/STM32CubeIDE/plugins/com.st.stm32cube.ide.mcu.externaltools.gnu-tools-for-stm32.13.3.rel1.win32_1.0.0.202411081344/tools/bin/../lib/gcc/arm-none-eabi/13.3.1/../../../../arm-none-eabi/lib/thumb/v7-m/nofp\libc_nano.a(libc_a-fwalk.o)
                              C:/ST/STM32CubeIDE_1.12.0/STM32CubeIDE/plugins/com.st.stm32cube.ide.mcu.externaltools.gnu-tools-for-stm32.13.3.rel1.win32_1.0.0.202411081344/tools/bin/../lib/gcc/arm-none-eabi/13.3.1/../../../../arm-none-eabi/lib/thumb/v7-m/nofp\libc_nano.a(libc_a-findfp.o) (_fwalk_sglue)
C:/ST/STM32CubeIDE_1.12.0/STM32CubeIDE/plugins/com.st.stm32cube.ide.mcu.externaltools.gnu-tools-for-stm32.13.3.rel1.win32_1.0.0.202411081344/tools/bin/../lib/gcc/arm-none-eabi/13.3.1/../../../../arm-none-eabi/lib/thumb/v7-m/nofp\libc_nano.a(libc_a-snprintf.o)
                              ./Core/Src/OledUI.o (snprintf)
C:/ST/STM32CubeIDE_1.12.0/STM32CubeIDE/plugins/com.st.stm32cube.ide.mcu.externaltools.gnu-tools-for-stm32.13.3.rel1.win32_1.0.0.202411081344/tools/bin/../lib/gcc/arm-none-eabi/13.3.1/../../../../arm-none-eabi/lib/thumb/v7-m/nofp\libc_nano.a(libc_a-stdio.o)
                              C:/ST/STM32CubeIDE_1.12.0/STM32CubeIDE/plugins/com.st.stm32cube.ide.mcu.externaltools.gnu-tools-for-stm32.13.3.rel1.win32_1.0.0.202411081344/tools/bin/../lib/gcc/arm-none-eabi/13.3.1/../../../../arm-none-eabi/lib/thumb/v7-m/nofp\libc_nano.a(libc_a-findfp.o) (__sread)
C:/ST/STM32CubeIDE_1.12.0/STM32CubeIDE/plugins/com.st.stm32cube.ide.mcu.externaltools.gnu-tools-for-stm32.13.3.rel1.win32_1.0.0.202411081344/tools/bin/../lib/gcc/arm-none-eabi/13.3.1/../../../../arm-none-eabi/lib/thumb/v7-m/nofp\libc_nano.a(libc_a-memmove.o)
                              ./Libs/ssd1306/ssd1306_tests.o (memmove)
C:/ST/STM32CubeIDE_1.12.0/STM32CubeIDE/plugins/com.st.stm32cube.ide.mcu.externaltools.gnu-tools-for-stm32.13.3.rel1.win32_1.0.0.202411081344/tools/bin/../lib/gcc/arm-none-eabi/13.3.1/../../../../arm-none-eabi/lib/thumb/v7-m/nofp\libc_nano.a(libc_a-memset.o)
                              C:/ST/STM32CubeIDE_1.12.0/STM32CubeIDE/plugins/com.st.stm32cube.ide.mcu.externaltools.gnu-tools-for-stm32.13.3.rel1.win32_1.0.0.202411081344/tools/bin/../lib/gcc/arm-none-eabi/13.3.1/../../../../arm-none-eabi/lib/thumb/v7-m/nofp/crt0.o (memset)
C:/ST/STM32CubeIDE_1.12.0/STM32CubeIDE/plugins/com.st.stm32cube.ide.mcu.externaltools.gnu-tools-for-stm32.13.3.rel1.win32_1.0.0.202411081344/tools/bin/../lib/gcc/arm-none-eabi/13.3.1/../../../../arm-none-eabi/lib/thumb/v7-m/nofp\libc_nano.a(libc_a-closer.o)
                              C:/ST/STM32CubeIDE_1.12.0/STM32CubeIDE/plugins/com.st.stm32cube.ide.mcu.externaltools.gnu-tools-for-stm32.13.3.rel1.win32_1.0.0.202411081344/tools/bin/../lib/gcc/arm-none-eabi/13.3.1/../../../../arm-none-eabi/lib/thumb/v7-m/nofp\libc_nano.a(libc_a-stdio.o) (_close_r)
C:/ST/STM32CubeIDE_1.12.0/STM32CubeIDE/plugins/com.st.stm32cube.ide.mcu.externaltools.gnu-tools-for-stm32.13.3.rel1.win32_1.0.0.202411081344/tools/bin/../lib/gcc/arm-none-eabi/13.3.1/../../../../arm-none-eabi/lib/thumb/v7-m/nofp\libc_nano.a(libc_a-reent.o)
                              C:/ST/STM32CubeIDE_1.12.0/STM32CubeIDE/plugins/com.st.stm32cube.ide.mcu.externaltools.gnu-tools-for-stm32.13.3.rel1.win32_1.0.0.202411081344/tools/bin/../lib/gcc/arm-none-eabi/13.3.1/../../../../arm-none-eabi/lib/thumb/v7-m/nofp\libc_nano.a(libc_a-closer.o) (errno)
C:/ST/STM32CubeIDE_1.12.0/STM32CubeIDE/plugins/com.st.stm32cube.ide.mcu.externaltools.gnu-tools-for-stm32.13.3.rel1.win32_1.0.0.202411081344/tools/bin/../lib/gcc/arm-none-eabi/13.3.1/../../../../arm-none-eabi/lib/thumb/v7-m/nofp\libc_nano.a(libc_a-impure.o)
[...]
Memory Configuration

Name             Origin             Length             Attributes
RAM              0x20000000         0x00005000         xrw
FLASH            0x08000000         0x00010000         xr
*default*        0x00000000         0xffffffff

Linker script and memory map

LOAD C:/ST/STM32CubeIDE_1.12.0/STM32CubeIDE/plugins/com.st.stm32cube.ide.mcu.externaltools.gnu-tools-for-stm32.13.3.rel1.win32_1.0.0.202411081344/tools/bin/../lib/gcc/arm-none-eabi/13.3.1/thumb/v7-m/nofp/crti.o
LOAD C:/ST/STM32CubeIDE_1.12.0/STM32CubeIDE/plugins/com.st.stm32cube.ide.mcu.externaltools.gnu-tools-for-stm32.13.3.rel1.win32_1.0.0.202411081344/tools/bin/../lib/gcc/arm-none-eabi/13.3.1/thumb/v7-m/nofp/crtbegin.o
LOAD C:/ST/STM32CubeIDE_1.12.0/STM32CubeIDE/plugins/com.st.stm32cube.ide.mcu.externaltools.gnu-tools-for-stm32.13.3.rel1.win32_1.0.0.202411081344/tools/bin/../lib/gcc/arm-none-eabi/13.3.1/../../../../arm-none-eabi/lib/thumb/v7-m/nofp/crt0.o
LOAD ./Core/Src/AccelStepper.o
LOAD ./Core/Src/OledUI.o
LOAD ./Core/Src/gpio.o
LOAD ./Core/Src/i2c.o
LOAD ./Core/Src/main.o
LOAD ./Core/Src/stm32f1xx_hal_msp.o
LOAD ./Core/Src/stm32f1xx_it.o
LOAD ./Core/Src/syscalls.o
LOAD ./Core/Src/sysmem.o
LOAD ./Core/Src/system_stm32f1xx.o
LOAD ./Core/Src/tim.o
LOAD ./Core/Startup/startup_stm32f103c8tx.o
LOAD ./Drivers/STM32F1xx_HAL_Driver/Src/stm32f1xx_hal.o
LOAD ./Drivers/STM32F1xx_HAL_Driver/Src/stm32f1xx_hal_cortex.o
LOAD ./Drivers/STM32F1xx_HAL_Driver/Src/stm32f1xx_hal_dma.o
LOAD ./Drivers/STM32F1xx_HAL_Driver/Src/stm32f1xx_hal_exti.o
LOAD ./Drivers/STM32F1xx_HAL_Driver/Src/stm32f1xx_hal_flash.o
LOAD ./Drivers/STM32F1xx_HAL_Driver/Src/stm32f1xx_hal_flash_ex.o
LOAD ./Drivers/STM32F1xx_HAL_Driver/Src/stm32f1xx_hal_gpio.o
LOAD ./Drivers/STM32F1xx_HAL_Driver/Src/stm32f1xx_hal_gpio_ex.o
LOAD ./Drivers/STM32F1xx_HAL_Driver/Src/stm32f1xx_hal_i2c.o
LOAD ./Drivers/STM32F1xx_HAL_Driver/Src/stm32f1xx_hal_pwr.o
LOAD ./Drivers/STM32F1xx_HAL_Driver/Src/stm32f1xx_hal_rcc.o
LOAD ./Drivers/STM32F1xx_HAL_Driver/Src/stm32f1xx_hal_rcc_ex.o
LOAD ./Drivers/STM32F1xx_HAL_Driver/Src/stm32f1xx_hal_tim.o
LOAD ./Drivers/STM32F1xx_HAL_Driver/Src/stm32f1xx_hal_tim_ex.o
LOAD ./Libs/ssd1306/ssd1306.o
LOAD ./Libs/ssd1306/ssd1306_fonts.o
LOAD ./Libs/ssd1306/ssd1306_tests.o
START GROUP
LOAD C:/ST/STM32CubeIDE_1.12.0/STM32CubeIDE/plugins/com.st.stm32cube.ide.mcu.externaltools.gnu-tools-for-stm32.13.3.rel1.win32_1.0.0.202411081344/tools/bin/../lib/gcc/arm-none-eabi/13.3.1/../../../../arm-none-eabi/lib/thumb/v7-m/nofp\libc_nano.a
LOAD C:/ST/STM32CubeIDE_1.12.0/STM32CubeIDE/plugins/com.st.stm32cube.ide.mcu.externaltools.gnu-tools-for-stm32.13.3.rel1.win32_1.0.0.202411081344/tools/bin/../lib/gcc/arm-none-eabi/13.3.1/../../../../arm-none-eabi/lib/thumb/v7-m/nofp\libm.a
END GROUP
START GROUP
LOAD C:/ST/STM32CubeIDE_1.12.0/STM32CubeIDE/plugins/com.st.stm32cube.ide.mcu.externaltools.gnu-tools-for-stm32.13.3.rel1.win32_1.0.0.202411081344/tools/bin/../lib/gcc/arm-none-eabi/13.3.1/thumb/v7-m/nofp\libgcc.a
LOAD C:/ST/STM32CubeIDE_1.12.0/STM32CubeIDE/plugins/com.st.stm32cube.ide.mcu.externaltools.gnu-tools-for-stm32.13.3.rel1.win32_1.0.0.202411081344/tools/bin/../lib/gcc/arm-none-eabi/13.3.1/../../../../arm-none-eabi/lib/thumb/v7-m/nofp\libc_nano.a
END GROUP
START GROUP
LOAD C:/ST/STM32CubeIDE_1.12.0/STM32CubeIDE/plugins/com.st.stm32cube.ide.mcu.externaltools.gnu-tools-for-stm32.13.3.rel1.win32_1.0.0.202411081344/tools/bin/../lib/gcc/arm-none-eabi/13.3.1/thumb/v7-m/nofp\libgcc.a
LOAD C:/ST/STM32CubeIDE_1.12.0/STM32CubeIDE/plugins/com.st.stm32cube.ide.mcu.externaltools.gnu-tools-for-stm32.13.3.rel1.win32_1.0.0.202411081344/tools/bin/../lib/gcc/arm-none-eabi/13.3.1/../../../../arm-none-eabi/lib/thumb/v7-m/nofp\libc_nano.a
LOAD C:/ST/STM32CubeIDE_1.12.0/STM32CubeIDE/plugins/com.st.stm32cube.ide.mcu.externaltools.gnu-tools-for-stm32.13.3.rel1.win32_1.0.0.202411081344/tools/bin/../lib/gcc/arm-none-eabi/13.3.1/../../../../arm-none-eabi/lib/thumb/v7-m/nofp\libnosys.a
END GROUP
START GROUP
LOAD C:/ST/STM32CubeIDE_1.12.0/STM32CubeIDE/plugins/com.st.stm32cube.ide.mcu.externaltools.gnu-tools-for-stm32.13.3.rel1.win32_1.0.0.202411081344/tools/bin/../lib/gcc/arm-none-eabi/13.3.1/thumb/v7-m/nofp\libgcc.a
LOAD C:/ST/STM32CubeIDE_1.12.0/STM32CubeIDE/plugins/com.st.stm32cube.ide.mcu.externaltools.gnu-tools-for-stm32.13.3.rel1.win32_1.0.0.202411081344/tools/bin/../lib/gcc/arm-none-eabi/13.3.1/../../../../arm-none-eabi/lib/thumb/v7-m/nofp\libc_nano.a
LOAD C:/ST/STM32CubeIDE_1.12.0/STM32CubeIDE/plugins/com.st.stm32cube.ide.mcu.externaltools.gnu-tools-for-stm32.13.3.rel1.win32_1.0.0.202411081344/tools/bin/../lib/gcc/arm-none-eabi/13.3.1/../../../../arm-none-eabi/lib/thumb/v7-m/nofp\libnosys.a
END GROUP
LOAD C:/ST/STM32CubeIDE_1.12.0/STM32CubeIDE/plugins/com.st.stm32cube.ide.mcu.externaltools.gnu-tools-for-stm32.13.3.rel1.win32_1.0.0.202411081344/tools/bin/../lib/gcc/arm-none-eabi/13.3.1/thumb/v7-m/nofp/crtend.o
LOAD C:/ST/STM32CubeIDE_1.12.0/STM32CubeIDE/plugins/com.st.stm32cube.ide.mcu.externaltools.gnu-tools-for-stm32.13.3.rel1.win32_1.0.0.202411081344/tools/bin/../lib/gcc/arm-none-eabi/13.3.1/thumb/v7-m/nofp/crtn.o
                0x20005000                        _estack = (ORIGIN (RAM) + LENGTH (RAM))
                0x00000200                        _Min_Heap_Size = 0x200
                0x00000400                        _Min_Stack_Size = 0x400

.isr_vector     0x08000000      0x10c
                0x08000000                        . = ALIGN (0x4)
 *(.isr_vector)
 .isr_vector    0x08000000      0x10c ./Core/Startup/startup_stm32f103c8tx.o
                0x08000000                g_pfnVectors
                0x0800010c                        . = ALIGN (0x4)

.text           0x08000110     0x6c4c
                0x08000110                        . = ALIGN (0x4)
 *(.text)
 .text          0x08000110       0x40 C:/ST/STM32CubeIDE_1.12.0/STM32CubeIDE/plugins/com.st.stm32cube.ide.mcu.externaltools.gnu-tools-for-stm32.13.3.rel1.win32_1.0.0.202411081344/tools/bin/../lib/gcc/arm-none-eabi/13.3.1/thumb/v7-m/nofp/crtbegin.o
 .text          0x08000150      0x378 C:/ST/STM32CubeIDE_1.12.0/STM32CubeIDE/plugins/com.st.stm32cube.ide.mcu.externaltools.gnu-tools-for-stm32.13.3.rel1.win32_1.0.0.202411081344/tools/bin/../lib/gcc/arm-none-eabi/13.3.1/thumb/v7-m/nofp\libgcc.a(_arm_addsubdf3.o)
                0x08000150                __aeabi_drsub
                0x08000158                __aeabi_dsub
                0x08000158                __subdf3
                0x0800015c                __aeabi_dadd
                0x0800015c                __adddf3
                0x080003d4                __floatunsidf
                0x080003d4                __aeabi_ui2d
                0x080003f4                __floatsidf
                0x080003f4                __aeabi_i2d
                0x08000418                __aeabi_f2d
                0x08000418                __extendsfdf2
                0x0800045c                __floatundidf
                0x0800045c                __aeabi_ul2d
                0x0800046c                __floatdidf
                0x0800046c                __aeabi_l2d
 .text          0x080004c8      0x424 C:/ST/STM32CubeIDE_1.12.0/STM32CubeIDE/plugins/com.st.stm32cube.ide.mcu.externaltools.gnu-tools-for-stm32.13.3.rel1.win32_1.0.0.202411081344/tools/bin/../lib/gcc/arm-none-eabi/13.3.1/thumb/v7-m/nofp\libgcc.a(_arm_muldivdf3.o)
                0x080004c8                __aeabi_dmul
                0x080004c8                __muldf3
                0x0800071c                __divdf3
                0x0800071c                __aeabi_ddiv
 .text          0x080008ec      0x110 C:/ST/STM32CubeIDE_1.12.0/STM32CubeIDE/plugins/com.st.stm32cube.ide.mcu.externaltools.gnu-tools-for-stm32.13.3.rel1.win32_1.0.0.202411081344/tools/bin/../lib/gcc/arm-none-eabi/13.3.1/thumb/v7-m/nofp\libgcc.a(_arm_cmpdf2.o)
                0x080008ec                __gtdf2
                0x080008ec                __gedf2
                0x080008f4                __ltdf2
                0x080008f4                __ledf2
                0x080008fc                __nedf2
                0x080008fc                __eqdf2
                0x080008fc                __cmpdf2
                0x08000978                __aeabi_cdrcmple
                0x08000988                __aeabi_cdcmpeq
                0x08000988                __aeabi_cdcmple
                0x08000998                __aeabi_dcmpeq
                0x080009ac                __aeabi_dcmplt
                0x080009c0                __aeabi_dcmple
                0x080009d4                __aeabi_dcmpge
                0x080009e8                __aeabi_dcmpgt
 .text          0x080009fc       0x2c C:/ST/STM32CubeIDE_1.12.0/STM32CubeIDE/plugins/com.st.stm32cube.ide.mcu.externaltools.gnu-tools-for-stm32.13.3.rel1.win32_1.0.0.202411081344/tools/bin/../lib/gcc/arm-none-eabi/13.3.1/thumb/v7-m/nofp\libgcc.a(_arm_unorddf2.o)
                0x080009fc                __unorddf2
                0x080009fc                __aeabi_dcmpun
 .text          0x08000a28       0xa0 C:/ST/STM32CubeIDE_1.12.0/STM32CubeIDE/plugins/com.st.stm32cube.ide.mcu.externaltools.gnu-tools-for-stm32.13.3.rel1.win32_1.0.0.202411081344/tools/bin/../lib/gcc/arm-none-eabi/13.3.1/thumb/v7-m/nofp\libgcc.a(_arm_truncdfsf2.o)
                0x08000a28                __truncdfsf2
                0x08000a28                __aeabi_d2f
 .text          0x08000ac8      0x21c C:/ST/STM32CubeIDE_1.12.0/STM32CubeIDE/plugins/com.st.stm32cube.ide.mcu.externaltools.gnu-tools-for-stm32.13.3.rel1.win32_1.0.0.202411081344/tools/bin/../lib/gcc/arm-none-eabi/13.3.1/thumb/v7-m/nofp\libgcc.a(_arm_addsubsf3.o)
                0x08000ac8                __aeabi_frsub
                0x08000ad0                __subsf3
                0x08000ad0                __aeabi_fsub
                0x08000ad4                __aeabi_fadd
                0x08000ad4                __addsf3
                0x08000c34                __aeabi_ui2f
                0x08000c34                __floatunsisf
                0x08000c3c                __aeabi_i2f
                0x08000c3c                __floatsisf
                0x08000c58                __aeabi_ul2f
                0x08000c58                __floatundisf
                0x08000c68                __aeabi_l2f
                0x08000c68                __floatdisf
 .text          0x08000ce4      0x2a0 C:/ST/STM32CubeIDE_1.12.0/STM32CubeIDE/plugins/com.st.stm32cube.ide.mcu.externaltools.gnu-tools-for-stm32.13.3.rel1.win32_1.0.0.202411081344/tools/bin/../lib/gcc/arm-none-eabi/13.3.1/thumb/v7-m/nofp\libgcc.a(_arm_muldivsf3.o)
                0x08000ce4                __mulsf3
                0x08000ce4                __aeabi_fmul
                0x08000e4c                __aeabi_fdiv
                0x08000e4c                __divsf3
 .text          0x08000f84       0xec C:/ST/STM32CubeIDE_1.12.0/STM32CubeIDE/plugins/com.st.stm32cube.ide.mcu.externaltools.gnu-tools-for-stm32.13.3.rel1.win32_1.0.0.202411081344/tools/bin/../lib/gcc/arm-none-eabi/13.3.1/thumb/v7-m/nofp\libgcc.a(_arm_cmpsf2.o)
                0x08000f84                __gesf2
                0x08000f84                __gtsf2
                0x08000f8c                __lesf2
                0x08000f8c                __ltsf2
                0x08000f94                __nesf2
                0x08000f94                __eqsf2
                0x08000f94                __cmpsf2
                0x08000ff4                __aeabi_cfrcmple
                0x08000ffc                __aeabi_cfcmpeq
                0x08000ffc                __aeabi_cfcmple
                0x0800100c                __aeabi_fcmpeq
                0x08001020                __aeabi_fcmplt
                0x08001034                __aeabi_fcmple
                0x08001048                __aeabi_fcmpge
                0x0800105c                __aeabi_fcmpgt
 .text          0x08001070       0x4c C:/ST/STM32CubeIDE_1.12.0/STM32CubeIDE/plugins/com.st.stm32cube.ide.mcu.externaltools.gnu-tools-for-stm32.13.3.rel1.win32_1.0.0.202411081344/tools/bin/../lib/gcc/arm-none-eabi/13.3.1/thumb/v7-m/nofp\libgcc.a(_arm_fixsfsi.o)
                0x08001070                __aeabi_f2iz
                0x08001070                __fixsfsi
 .text          0x080010bc       0x40 C:/ST/STM32CubeIDE_1.12.0/STM32CubeIDE/plugins/com.st.stm32cube.ide.mcu.externaltools.gnu-tools-for-stm32.13.3.rel1.win32_1.0.0.202411081344/tools/bin/../lib/gcc/arm-none-eabi/13.3.1/thumb/v7-m/nofp\libgcc.a(_arm_fixunssfsi.o)
                0x080010bc                __fixunssfsi
                0x080010bc                __aeabi_f2uiz
 *(.text*)
 .text.AccelStepper_init
                0x080010fc       0xf8 ./Core/Src/AccelStepper.o
                0x080010fc                AccelStepper_init
 .text.setMaxSpeed
                0x080011f4       0xa0 ./Core/Src/AccelStepper.o
                0x080011f4                setMaxSpeed
 *fill*         0x08001294        0x4 
 .text.setAcceleration
                0x08001298       0xe0 ./Core/Src/AccelStepper.o
                0x08001298                setAcceleration
 .text.computeNewSpeed
                0x08001378      0x1f4 ./Core/Src/AccelStepper.o
                0x08001378                computeNewSpeed
 .text.distanceToGo
                0x0800156c       0x1c ./Core/Src/AccelStepper.o
                0x0800156c                distanceToGo
 .text.run      0x08001588      0x1c0 ./Core/Src/AccelStepper.o
                0x08001588                run
 .text.runSpeed
                0x08001748       0xb0 ./Core/Src/AccelStepper.o
                0x08001748                runSpeed
 .text.step     0x080017f8       0xc8 ./Core/Src/AccelStepper.o
                0x080017f8                step
 .text.isRunning
                0x080018c0       0x38 ./Core/Src/AccelStepper.o
                0x080018c0                isRunning
 .text.moveTo   0x080018f8       0x30 ./Core/Src/AccelStepper.o
                0x080018f8                moveTo
 .text.enableStepper
                0x08001928       0x40 ./Core/Src/AccelStepper.o
                0x08001928                enableStepper
 .text.Ui_RenderBoot
                0x08001968       0x4c ./Core/Src/OledUI.o
                0x08001968                Ui_RenderBoot
 .text.HomeScreen
                0x080019b4      0x228 ./Core/Src/OledUI.o
                0x080019b4                HomeScreen
 .text.UI_Brewing
                0x08001bdc       0x9c ./Core/Src/OledUI.o
                0x08001bdc                UI_Brewing
 .text.BrewCompleteScreen
                0x08001c78       0x68 ./Core/Src/OledUI.o
                0x08001c78                BrewCompleteScreen
 .text.PacketEditorScreen
                0x08001ce0      0x190 ./Core/Src/OledUI.o
                0x08001ce0                PacketEditorScreen
 .text.WarningScreen
                0x08001e70      0x128 ./Core/Src/OledUI.o
                0x08001e70                WarningScreen
 .text.MX_GPIO_Init
                0x08001f98      0x138 ./Core/Src/gpio.o
                0x08001f98                MX_GPIO_Init
 .text.MX_I2C1_Init
                0x080020d0       0x5c ./Core/Src/i2c.o
                0x080020d0                MX_I2C1_Init
 .text.MX_I2C2_Init
                0x0800212c       0x5c ./Core/Src/i2c.o
                0x0800212c                MX_I2C2_Init
 .text.HAL_I2C_MspInit
                0x08002188       0xf8 ./Core/Src/i2c.o
                0x08002188                HAL_I2C_MspInit
 .text.HAL_TIM_PWM_PulseFinishedCallback
                0x08002280       0x70 ./Core/Src/main.o
                0x08002280                HAL_TIM_PWM_PulseFinishedCallback
 .text.InitRcServos
                0x080022f0       0x5c ./Core/Src/main.o
                0x080022f0                InitRcServos
 .text.InitPump
                0x0800234c       0x20 ./Core/Src/main.o
                0x0800234c                InitPump
 .text.AddingWater
                0x0800236c       0x70 ./Core/Src/main.o
                0x0800236c                AddingWater
 .text.khaylatup
                0x080023dc       0x1c ./Core/Src/main.o
                0x080023dc                khaylatup
 .text.khayLatngua
                0x080023f8       0x24 ./Core/Src/main.o
                0x080023f8                khayLatngua
 .text.khayLock
                0x0800241c       0x24 ./Core/Src/main.o
                0x0800241c                khayLock
 .text.khayIdle
                0x08002440       0x1c ./Core/Src/main.o
                0x08002440                khayIdle
 .text.keocat   0x0800245c       0x2c ./Core/Src/main.o
                0x0800245c                keocat
 .text.catMiengGoi
                0x08002488       0x60 ./Core/Src/main.o
                0x08002488                catMiengGoi
 .text.J1MoveTo
                0x080024e8       0x44 ./Core/Src/main.o
                0x080024e8                J1MoveTo
 .text.J2MoveTo
                0x0800252c       0x44 ./Core/Src/main.o
                0x0800252c                J2MoveTo
 .text.khayRung
                0x08002570       0x60 ./Core/Src/main.o
                0x08002570                khayRung
 .text.InitMotorJ1
                0x080025d0       0x94 ./Core/Src/main.o
                0x080025d0                InitMotorJ1
 .text.InitMotorJ2
                0x08002664       0x94 ./Core/Src/main.o
                0x08002664                InitMotorJ2
 .text.J1Homing
                0x080026f8       0x2c ./Core/Src/main.o
                0x080026f8                J1Homing
 .text.Mixing   0x08002724       0x46 ./Core/Src/main.o
                0x08002724                Mixing
 *fill*         0x0800276a        0x2 
 .text.Brewing  0x0800276c       0xac ./Core/Src/main.o
                0x0800276c                Brewing
 .text.main     0x08002818       0xb0 ./Core/Src/main.o
                0x08002818                main
 .text.SystemClock_Config
                0x080028c8       0x8a ./Core/Src/main.o
                0x080028c8                SystemClock_Config
 .text.Error_Handler
                0x08002952        0xc ./Core/Src/main.o
                0x08002952                Error_Handler
 *fill*         0x0800295e        0x2 
 .text.HAL_MspInit
                0x08002960       0x64 ./Core/Src/stm32f1xx_hal_msp.o
                0x08002960                HAL_MspInit
 .text.NMI_Handler
                0x080029c4        0x8 ./Core/Src/stm32f1xx_it.o
                0x080029c4                NMI_Handler
 .text.HardFault_Handler
                0x080029cc        0x8 ./Core/Src/stm32f1xx_it.o
                0x080029cc                HardFault_Handler
 .text.MemManage_Handler
                0x080029d4        0x8 ./Core/Src/stm32f1xx_it.o
                0x080029d4                MemManage_Handler
 .text.BusFault_Handler
                0x080029dc        0x8 ./Core/Src/stm32f1xx_it.o
                0x080029dc                BusFault_Handler
 .text.UsageFault_Handler
                0x080029e4        0x8 ./Core/Src/stm32f1xx_it.o
                0x080029e4                UsageFault_Handler
 .text.SVC_Handler
                0x080029ec        0xc ./Core/Src/stm32f1xx_it.o
                0x080029ec                SVC_Handler
 .text.DebugMon_Handler
                0x080029f8        0xc ./Core/Src/stm32f1xx_it.o
                0x080029f8                DebugMon_Handler
 .text.PendSV_Handler
                0x08002a04        0xc ./Core/Src/stm32f1xx_it.o
                0x08002a04                PendSV_Handler
 .text.SysTick_Handler
                0x08002a10        0xc ./Core/Src/stm32f1xx_it.o
                0x08002a10                SysTick_Handler
 .text.TIM2_IRQHandler
                0x08002a1c       0x14 ./Core/Src/stm32f1xx_it.o
                0x08002a1c                TIM2_IRQHandler
 .text.TIM3_IRQHandler
                0x08002a30       0x14 ./Core/Src/stm32f1xx_it.o
                0x08002a30                TIM3_IRQHandler
 .text.EXTI4_IRQHandler
                0x08002a44        0xe ./Core/Src/stm32f1xx_it.o
                0x08002a44                EXTI4_IRQHandler
 .text.EXTI9_5_IRQHandler
                0x08002a52       0x1c ./Core/Src/stm32f1xx_it.o
                0x08002a52                EXTI9_5_IRQHandler
 *fill*         0x08002a6e        0x2 
 .text._sbrk    0x08002a70       0x6c ./Core/Src/sysmem.o
                0x08002a70                _sbrk
 .text.SystemInit
                0x08002adc        0xc ./Core/Src/system_stm32f1xx.o
                0x08002adc                SystemInit
 .text.MX_TIM1_Init
                0x08002ae8      0x178 ./Core/Src/tim.o
                0x08002ae8                MX_TIM1_Init
 .text.MX_TIM2_Init
                0x08002c60       0xec ./Core/Src/tim.o
                0x08002c60                MX_TIM2_Init
 .text.MX_TIM3_Init
                0x08002d4c       0xec ./Core/Src/tim.o
                0x08002d4c                MX_TIM3_Init
 .text.MX_TIM4_Init
                0x08002e38       0xec ./Core/Src/tim.o
                0x08002e38                MX_TIM4_Init
 .text.HAL_TIM_Base_MspInit
                0x08002f24       0xd0 ./Core/Src/tim.o
                0x08002f24                HAL_TIM_Base_MspInit
 .text.HAL_TIM_MspPostInit
                0x08002ff4      0x128 ./Core/Src/tim.o
                0x08002ff4                HAL_TIM_MspPostInit
 .text.Reset_Handler
                0x0800311c       0x48 ./Core/Startup/startup_stm32f103c8tx.o
                0x0800311c                Reset_Handler
 .text.Default_Handler
                0x08003164        0x2 ./Core/Startup/startup_stm32f103c8tx.o
                0x08003164                RTC_Alarm_IRQHandler
                0x08003164                EXTI2_IRQHandler
                0x08003164                TIM1_CC_IRQHandler
                0x08003164                PVD_IRQHandler
                0x08003164                EXTI3_IRQHandler
                0x08003164                EXTI0_IRQHandler
                0x08003164                I2C2_EV_IRQHandler
                0x08003164                ADC1_2_IRQHandler
                0x08003164                SPI1_IRQHandler
                0x08003164                TAMPER_IRQHandler
                0x08003164                DMA1_Channel4_IRQHandler
                0x08003164                USART3_IRQHandler
                0x08003164                RTC_IRQHandler
                0x08003164                DMA1_Channel7_IRQHandler
                0x08003164                CAN1_RX1_IRQHandler
                0x08003164                TIM4_IRQHandler
                0x08003164                I2C1_EV_IRQHandler
                0x08003164                DMA1_Channel6_IRQHandler
                0x08003164                RCC_IRQHandler
                0x08003164                TIM1_TRG_COM_IRQHandler
                0x08003164                DMA1_Channel1_IRQHandler
                0x08003164                Default_Handler
                0x08003164                EXTI15_10_IRQHandler
                0x08003164                SPI2_IRQHandler
                0x08003164                DMA1_Channel5_IRQHandler
                0x08003164                USB_LP_CAN1_RX0_IRQHandler
                0x08003164                USB_HP_CAN1_TX_IRQHandler
                0x08003164                DMA1_Channel3_IRQHandler
                0x08003164                TIM1_UP_IRQHandler
                0x08003164                WWDG_IRQHandler
                0x08003164                TIM1_BRK_IRQHandler
                0x08003164                EXTI1_IRQHandler
                0x08003164                USART2_IRQHandler
                0x08003164                I2C2_ER_IRQHandler
                0x08003164                DMA1_Channel2_IRQHandler
                0x08003164                CAN1_SCE_IRQHandler
                0x08003164                FLASH_IRQHandler
                0x08003164                USART1_IRQHandler
                0x08003164                I2C1_ER_IRQHandler
                0x08003164                USBWakeUp_IRQHandler
 *fill*         0x08003166        0x2 
 .text.HAL_Init
                0x08003168       0x2c ./Drivers/STM32F1xx_HAL_Driver/Src/stm32f1xx_hal.o
                0x08003168                HAL_Init
 .text.HAL_InitTick
                0x08003194       0x60 ./Drivers/STM32F1xx_HAL_Driver/Src/stm32f1xx_hal.o
                0x08003194                HAL_InitTick
 .text.HAL_IncTick
                0x080031f4       0x24 ./Drivers/STM32F1xx_HAL_Driver/Src/stm32f1xx_hal.o
                0x080031f4                HAL_IncTick
 .text.HAL_GetTick
                0x08003218       0x14 ./Drivers/STM32F1xx_HAL_Driver/Src/stm32f1xx_hal.o
                0x08003218                HAL_GetTick
 .text.HAL_Delay
                0x0800322c       0x48 ./Drivers/STM32F1xx_HAL_Driver/Src/stm32f1xx_hal.o
                0x0800322c                HAL_Delay
 .text.__NVIC_SetPriorityGrouping
                0x08003274       0x48 ./Drivers/STM32F1xx_HAL_Driver/Src/stm32f1xx_hal_cortex.o
 .text.__NVIC_GetPriorityGrouping
                0x080032bc       0x1c ./Drivers/STM32F1xx_HAL_Driver/Src/stm32f1xx_hal_cortex.o
 .text.__NVIC_EnableIRQ
                0x080032d8       0x38 ./Drivers/STM32F1xx_HAL_Driver/Src/stm32f1xx_hal_cortex.o
 .text.__NVIC_SetPriority
                0x08003310       0x54 ./Drivers/STM32F1xx_HAL_Driver/Src/stm32f1xx_hal_cortex.o
 .text.NVIC_EncodePriority
                0x08003364       0x64 ./Drivers/STM32F1xx_HAL_Driver/Src/stm32f1xx_hal_cortex.o
 .text.SysTick_Config
                0x080033c8       0x44 ./Drivers/STM32F1xx_HAL_Driver/Src/stm32f1xx_hal_cortex.o
 .text.HAL_NVIC_SetPriorityGrouping
                0x0800340c       0x16 ./Drivers/STM32F1xx_HAL_Driver/Src/stm32f1xx_hal_cortex.o
                0x0800340c                HAL_NVIC_SetPriorityGrouping
 .text.HAL_NVIC_SetPriority
                0x08003422       0x38 ./Drivers/STM32F1xx_HAL_Driver/Src/stm32f1xx_hal_cortex.o
                0x08003422                HAL_NVIC_SetPriority
 .text.HAL_NVIC_EnableIRQ
                0x0800345a       0x1c ./Drivers/STM32F1xx_HAL_Driver/Src/stm32f1xx_hal_cortex.o
                0x0800345a                HAL_NVIC_EnableIRQ
 .text.HAL_SYSTICK_Config
                0x08003476       0x18 ./Drivers/STM32F1xx_HAL_Driver/Src/stm32f1xx_hal_cortex.o
                0x08003476                HAL_SYSTICK_Config
 *fill*         0x0800348e        0x2 
 .text.HAL_GPIO_Init
                0x08003490      0x308 ./Drivers/STM32F1xx_HAL_Driver/Src/stm32f1xx_hal_gpio.o
                0x08003490                HAL_GPIO_Init
 .text.HAL_GPIO_ReadPin
                0x08003798       0x2e ./Drivers/STM32F1xx_HAL_Driver/Src/stm32f1xx_hal_gpio.o
                0x08003798                HAL_GPIO_ReadPin
 .text.HAL_GPIO_WritePin
                0x080037c6       0x30 ./Drivers/STM32F1xx_HAL_Driver/Src/stm32f1xx_hal_gpio.o
                0x080037c6                HAL_GPIO_WritePin
 *fill*         0x080037f6        0x2 
 .text.HAL_GPIO_EXTI_IRQHandler
                0x080037f8       0x30 ./Drivers/STM32F1xx_HAL_Driver/Src/stm32f1xx_hal_gpio.o
                0x080037f8                HAL_GPIO_EXTI_IRQHandler
 .text.HAL_GPIO_EXTI_Callback
                0x08003828       0x14 ./Drivers/STM32F1xx_HAL_Driver/Src/stm32f1xx_hal_gpio.o
                0x08003828                HAL_GPIO_EXTI_Callback
 .text.HAL_I2C_Init
                0x0800383c      0x288 ./Drivers/STM32F1xx_HAL_Driver/Src/stm32f1xx_hal_i2c.o
                0x0800383c                HAL_I2C_Init
 .text.HAL_I2C_Mem_Write
                0x08003ac4      0x1f4 ./Drivers/STM32F1xx_HAL_Driver/Src/stm32f1xx_hal_i2c.o
                0x08003ac4                HAL_I2C_Mem_Write
 .text.I2C_RequestMemoryWrite
                0x08003cb8      0x12c ./Drivers/STM32F1xx_HAL_Driver/Src/stm32f1xx_hal_i2c.o
 .text.I2C_WaitOnFlagUntilTimeout
                0x08003de4       0xf4 ./Drivers/STM32F1xx_HAL_Driver/Src/stm32f1xx_hal_i2c.o
 .text.I2C_WaitOnMasterAddressFlagUntilTimeout
                0x08003ed8      0x140 ./Drivers/STM32F1xx_HAL_Driver/Src/stm32f1xx_hal_i2c.o
 .text.I2C_WaitOnTXEFlagUntilTimeout
                0x08004018       0x90 ./Drivers/STM32F1xx_HAL_Driver/Src/stm32f1xx_hal_i2c.o
 .text.I2C_WaitOnBTFFlagUntilTimeout
                0x080040a8       0x90 ./Drivers/STM32F1xx_HAL_Driver/Src/stm32f1xx_hal_i2c.o
 .text.I2C_IsAcknowledgeFailed
                0x08004138       0x5c ./Drivers/STM32F1xx_HAL_Driver/Src/stm32f1xx_hal_i2c.o
 .text.HAL_RCC_OscConfig
                0x08004194      0x504 ./Drivers/STM32F1xx_HAL_Driver/Src/stm32f1xx_hal_rcc.o
                0x08004194                HAL_RCC_OscConfig
 .text.HAL_RCC_ClockConfig
                0x08004698      0x1d4 ./Drivers/STM32F1xx_HAL_Driver/Src/stm32f1xx_hal_rcc.o
                0x08004698                HAL_RCC_ClockConfig
 .text.HAL_RCC_GetSysClockFreq
                0x0800486c       0xa8 ./Drivers/STM32F1xx_HAL_Driver/Src/stm32f1xx_hal_rcc.o
                0x0800486c                HAL_RCC_GetSysClockFreq
 .text.HAL_RCC_GetHCLKFreq
                0x08004914       0x14 ./Drivers/STM32F1xx_HAL_Driver/Src/stm32f1xx_hal_rcc.o
                0x08004914                HAL_RCC_GetHCLKFreq
 .text.HAL_RCC_GetPCLK1Freq
                0x08004928       0x28 ./Drivers/STM32F1xx_HAL_Driver/Src/stm32f1xx_hal_rcc.o
                0x08004928                HAL_RCC_GetPCLK1Freq
 .text.RCC_Delay
                0x08004950       0x3c ./Drivers/STM32F1xx_HAL_Driver/Src/stm32f1xx_hal_rcc.o
 .text.HAL_TIM_Base_Init
                0x0800498c       0x9e ./Drivers/STM32F1xx_HAL_Driver/Src/stm32f1xx_hal_tim.o
                0x0800498c                HAL_TIM_Base_Init
 .text.HAL_TIM_PWM_Init
                0x08004a2a       0x9e ./Drivers/STM32F1xx_HAL_Driver/Src/stm32f1xx_hal_tim.o
                0x08004a2a                HAL_TIM_PWM_Init
 .text.HAL_TIM_PWM_MspInit
                0x08004ac8       0x12 ./Drivers/STM32F1xx_HAL_Driver/Src/stm32f1xx_hal_tim.o
                0x08004ac8                HAL_TIM_PWM_MspInit
 *fill*         0x08004ada        0x2 
 .text.HAL_TIM_PWM_Start
                0x08004adc      0x144 ./Drivers/STM32F1xx_HAL_Driver/Src/stm32f1xx_hal_tim.o
                0x08004adc                HAL_TIM_PWM_Start
 .text.HAL_TIM_PWM_Start_IT
                0x08004c20      0x1e0 ./Drivers/STM32F1xx_HAL_Driver/Src/stm32f1xx_hal_tim.o
                0x08004c20                HAL_TIM_PWM_Start_IT
 .text.HAL_TIM_IRQHandler
                0x08004e00      0x1e0 ./Drivers/STM32F1xx_HAL_Driver/Src/stm32f1xx_hal_tim.o
                0x08004e00                HAL_TIM_IRQHandler
 .text.HAL_TIM_PWM_ConfigChannel
                0x08004fe0      0x184 ./Drivers/STM32F1xx_HAL_Driver/Src/stm32f1xx_hal_tim.o
                0x08004fe0                HAL_TIM_PWM_ConfigChannel
 .text.HAL_TIM_ConfigClockSource
                0x08005164      0x18e ./Drivers/STM32F1xx_HAL_Driver/Src/stm32f1xx_hal_tim.o
                0x08005164                HAL_TIM_ConfigClockSource
 .text.HAL_TIM_PeriodElapsedCallback
                0x080052f2       0x12 ./Drivers/STM32F1xx_HAL_Driver/Src/stm32f1xx_hal_tim.o
                0x080052f2                HAL_TIM_PeriodElapsedCallback
 .text.HAL_TIM_OC_DelayElapsedCallback
                0x08005304       0x12 ./Drivers/STM32F1xx_HAL_Driver/Src/stm32f1xx_hal_tim.o
                0x08005304                HAL_TIM_OC_DelayElapsedCallback
 .text.HAL_TIM_IC_CaptureCallback
                0x08005316       0x12 ./Drivers/STM32F1xx_HAL_Driver/Src/stm32f1xx_hal_tim.o
                0x08005316                HAL_TIM_IC_CaptureCallback
 .text.HAL_TIM_TriggerCallback
                0x08005328       0x12 ./Drivers/STM32F1xx_HAL_Driver/Src/stm32f1xx_hal_tim.o
                0x08005328                HAL_TIM_TriggerCallback
 *fill*         0x0800533a        0x2 
 .text.TIM_Base_SetConfig
                0x0800533c       0xdc ./Drivers/STM32F1xx_HAL_Driver/Src/stm32f1xx_hal_tim.o
                0x0800533c                TIM_Base_SetConfig
 .text.TIM_OC1_SetConfig
                0x08005418       0xcc ./Drivers/STM32F1xx_HAL_Driver/Src/stm32f1xx_hal_tim.o
 .text.TIM_OC2_SetConfig
                0x080054e4       0xd4 ./Drivers/STM32F1xx_HAL_Driver/Src/stm32f1xx_hal_tim.o
                0x080054e4                TIM_OC2_SetConfig
 .text.TIM_OC3_SetConfig
                0x080055b8       0xd4 ./Drivers/STM32F1xx_HAL_Driver/Src/stm32f1xx_hal_tim.o
 .text.TIM_OC4_SetConfig
                0x0800568c       0x9c ./Drivers/STM32F1xx_HAL_Driver/Src/stm32f1xx_hal_tim.o
 .text.TIM_TI1_ConfigInputStage
                0x08005728       0x5c ./Drivers/STM32F1xx_HAL_Driver/Src/stm32f1xx_hal_tim.o
 .text.TIM_TI2_ConfigInputStage
                0x08005784       0x5e ./Drivers/STM32F1xx_HAL_Driver/Src/stm32f1xx_hal_tim.o
 .text.TIM_ITRx_SetConfig
                0x080057e2       0x34 ./Drivers/STM32F1xx_HAL_Driver/Src/stm32f1xx_hal_tim.o
 .text.TIM_ETR_SetConfig
                0x08005816       0x3e ./Drivers/STM32F1xx_HAL_Driver/Src/stm32f1xx_hal_tim.o
                0x08005816                TIM_ETR_SetConfig
 .text.TIM_CCxChannelCmd
                0x08005854       0x48 ./Drivers/STM32F1xx_HAL_Driver/Src/stm32f1xx_hal_tim.o
                0x08005854                TIM_CCxChannelCmd
 .text.HAL_TIMEx_PWMN_Start_IT
                0x0800589c      0x1ac ./Drivers/STM32F1xx_HAL_Driver/Src/stm32f1xx_hal_tim_ex.o
                0x0800589c                HAL_TIMEx_PWMN_Start_IT
 .text.HAL_TIMEx_MasterConfigSynchronization
                0x08005a48       0xbc ./Drivers/STM32F1xx_HAL_Driver/Src/stm32f1xx_hal_tim_ex.o
                0x08005a48                HAL_TIMEx_MasterConfigSynchronization
 .text.HAL_TIMEx_ConfigBreakDeadTime
                0x08005b04       0xa2 ./Drivers/STM32F1xx_HAL_Driver/Src/stm32f1xx_hal_tim_ex.o
                0x08005b04                HAL_TIMEx_ConfigBreakDeadTime
 .text.HAL_TIMEx_CommutCallback
                0x08005ba6       0x12 ./Drivers/STM32F1xx_HAL_Driver/Src/stm32f1xx_hal_tim_ex.o
                0x08005ba6                HAL_TIMEx_CommutCallback
 .text.HAL_TIMEx_BreakCallback
                0x08005bb8       0x12 ./Drivers/STM32F1xx_HAL_Driver/Src/stm32f1xx_hal_tim_ex.o
                0x08005bb8                HAL_TIMEx_BreakCallback
 .text.TIM_CCxNChannelCmd
                0x08005bca       0x48 ./Drivers/STM32F1xx_HAL_Driver/Src/stm32f1xx_hal_tim_ex.o
 .text.ssd1306_Reset
                0x08005c12        0xc ./Libs/ssd1306/ssd1306.o
                0x08005c12                ssd1306_Reset
 *fill*         0x08005c1e        0x2 
 .text.ssd1306_WriteCommand
                0x08005c20       0x30 ./Libs/ssd1306/ssd1306.o
                0x08005c20                ssd1306_WriteCommand
 .text.ssd1306_WriteData
                0x08005c50       0x34 ./Libs/ssd1306/ssd1306.o
                0x08005c50                ssd1306_WriteData
 .text.ssd1306_Init
                0x08005c84       0xd4 ./Libs/ssd1306/ssd1306.o
                0x08005c84                ssd1306_Init
 .text.ssd1306_Fill
                0x08005d58       0x30 ./Libs/ssd1306/ssd1306.o
                0x08005d58                ssd1306_Fill
 .text.ssd1306_UpdateScreen
                0x08005d88       0x50 ./Libs/ssd1306/ssd1306.o
                0x08005d88                ssd1306_UpdateScreen
 .text.ssd1306_DrawPixel
                0x08005dd8       0xa4 ./Libs/ssd1306/ssd1306.o
                0x08005dd8                ssd1306_DrawPixel
 .text.ssd1306_WriteChar
                0x08005e7c      0x124 ./Libs/ssd1306/ssd1306.o
                0x08005e7c                ssd1306_WriteChar
 .text.ssd1306_WriteString
                0x08005fa0       0x4c ./Libs/ssd1306/ssd1306.o
                0x08005fa0                ssd1306_WriteString
 .text.ssd1306_SetCursor
                0x08005fec       0x30 ./Libs/ssd1306/ssd1306.o
                0x08005fec                ssd1306_SetCursor
 .text.ssd1306_FillRectangle
                0x0800601c       0x9c ./Libs/ssd1306/ssd1306.o
                0x0800601c                ssd1306_FillRectangle
 .text.ssd1306_DrawBitmap
                0x080060b8       0xb6 ./Libs/ssd1306/ssd1306.o
                0x080060b8                ssd1306_DrawBitmap
 .text.ssd1306_SetContrast
                0x0800616e       0x26 ./Libs/ssd1306/ssd1306.o
                0x0800616e                ssd1306_SetContrast
 .text.ssd1306_SetDisplayOn
                0x08006194       0x3c ./Libs/ssd1306/ssd1306.o
                0x08006194                ssd1306_SetDisplayOn
 .text.snprintf
                0x080061d0       0x6c C:/ST/STM32CubeIDE_1.12.0/STM32CubeIDE/plugins/com.st.stm32cube.ide.mcu.externaltools.gnu-tools-for-stm32.13.3.rel1.win32_1.0.0.202411081344/tools/bin/../lib/gcc/arm-none-eabi/13.3.1/../../../../arm-none-eabi/lib/thumb/v7-m/nofp\libc_nano.a(libc_a-snprintf.o)
                0x080061d0                sniprintf
                0x080061d0                snprintf
 .text.memmove  0x0800623c       0x34 C:/ST/STM32CubeIDE_1.12.0/STM32CubeIDE/plugins/com.st.stm32cube.ide.mcu.externaltools.gnu-tools-for-stm32.13.3.rel1.win32_1.0.0.202411081344/tools/bin/../lib/gcc/arm-none-eabi/13.3.1/../../../../arm-none-eabi/lib/thumb/v7-m/nofp\libc_nano.a(libc_a-memmove.o)
                0x0800623c                memmove
 .text.memset   0x08006270       0x10 C:/ST/STM32CubeIDE_1.12.0/STM32CubeIDE/plugins/com.st.stm32cube.ide.mcu.externaltools.gnu-tools-for-stm32.13.3.rel1.win32_1.0.0.202411081344/tools/bin/../lib/gcc/arm-none-eabi/13.3.1/../../../../arm-none-eabi/lib/thumb/v7-m/nofp\libc_nano.a(libc_a-memset.o)
                0x08006270                memset
 .text.__errno  0x08006280        0xc C:/ST/STM32CubeIDE_1.12.0/STM32CubeIDE/plugins/com.st.stm32cube.ide.mcu.externaltools.gnu-tools-for-stm32.13.3.rel1.win32_1.0.0.202411081344/tools/bin/../lib/gcc/arm-none-eabi/13.3.1/../../../../arm-none-eabi/lib/thumb/v7-m/nofp\libc_nano.a(libc_a-errno.o)
                0x08006280                __errno
 .text.__libc_init_array
                0x0800628c       0x48 C:/ST/STM32CubeIDE_1.12.0/STM32CubeIDE/plugins/com.st.stm32cube.ide.mcu.externaltools.gnu-tools-for-stm32.13.3.rel1.win32_1.0.0.202411081344/tools/bin/../lib/gcc/arm-none-eabi/13.3.1/../../../../arm-none-eabi/lib/thumb/v7-m/nofp\libc_nano.a(libc_a-init.o)
                0x0800628c                __libc_init_array
 .text.__retarget_lock_acquire_recursive
                0x080062d4        0x2 C:/ST/STM32CubeIDE_1.12.0/STM32CubeIDE/plugins/com.st.stm32cube.ide.mcu.externaltools.gnu-tools-for-stm32.13.3.rel1.win32_1.0.0.202411081344/tools/bin/../lib/gcc/arm-none-eabi/13.3.1/../../../../arm-none-eabi/lib/thumb/v7-m/nofp\libc_nano.a(libc_a-lock.o)
                0x080062d4                __retarget_lock_acquire_recursive
 .text.__retarget_lock_release_recursive
                0x080062d6        0x2 C:/ST/STM32CubeIDE_1.12.0/STM32CubeIDE/plugins/com.st.stm32cube.ide.mcu.externaltools.gnu-tools-for-stm32.13.3.rel1.win32_1.0.0.202411081344/tools/bin/../lib/gcc/arm-none-eabi/13.3.1/../../../../arm-none-eabi/lib/thumb/v7-m/nofp\libc_nano.a(libc_a-lock.o)
                0x080062d6                __retarget_lock_release_recursive
 .text.memcpy   0x080062d8       0x1c C:/ST/STM32CubeIDE_1.12.0/STM32CubeIDE/plugins/com.st.stm32cube.ide.mcu.externaltools.gnu-tools-for-stm32.13.3.rel1.win32_1.0.0.202411081344/tools/bin/../lib/gcc/arm-none-eabi/13.3.1/../../../../arm-none-eabi/lib/thumb/v7-m/nofp\libc_nano.a(libc_a-memcpy-stub.o)
                0x080062d8                memcpy
 .text._free_r  0x080062f4       0x90 C:/ST/STM32CubeIDE_1.12.0/STM32CubeIDE/plugins/com.st.stm32cube.ide.mcu.externaltools.gnu-tools-for-stm32.13.3.rel1.win32_1.0.0.202411081344/tools/bin/../lib/gcc/arm-none-eabi/13.3.1/../../../../arm-none-eabi/lib/thumb/v7-m/nofp\libc_nano.a(libc_a-freer.o)
                0x080062f4                _free_r
 .text.sbrk_aligned
                0x08006384       0x44 C:/ST/STM32CubeIDE_1.12.0/STM32CubeIDE/plugins/com.st.stm32cube.ide.mcu.externaltools.gnu-tools-for-stm32.13.3.rel1.win32_1.0.0.202411081344/tools/bin/../lib/gcc/arm-none-eabi/13.3.1/../../../../arm-none-eabi/lib/thumb/v7-m/nofp\libc_nano.a(libc_a-mallocr.o)
 .text._malloc_r
                0x080063c8      0x100 C:/ST/STM32CubeIDE_1.12.0/STM32CubeIDE/plugins/com.st.stm32cube.ide.mcu.externaltools.gnu-tools-for-stm32.13.3.rel1.win32_1.0.0.202411081344/tools/bin/../lib/gcc/arm-none-eabi/13.3.1/../../../../arm-none-eabi/lib/thumb/v7-m/nofp\libc_nano.a(libc_a-mallocr.o)
                0x080063c8                _malloc_r
 .text.__malloc_lock
                0x080064c8        0xc C:/ST/STM32CubeIDE_1.12.0/STM32CubeIDE/plugins/com.st.stm32cube.ide.mcu.externaltools.gnu-tools-for-stm32.13.3.rel1.win32_1.0.0.202411081344/tools/bin/../lib/gcc/arm-none-eabi/13.3.1/../../../../arm-none-eabi/lib/thumb/v7-m/nofp\libc_nano.a(libc_a-mlock.o)
                0x080064c8                __malloc_lock
 .text.__malloc_unlock
                0x080064d4        0xc C:/ST/STM32CubeIDE_1.12.0/STM32CubeIDE/plugins/com.st.stm32cube.ide.mcu.externaltools.gnu-tools-for-stm32.13.3.rel1.win32_1.0.0.202411081344/tools/bin/../lib/gcc/arm-none-eabi/13.3.1/../../../../arm-none-eabi/lib/thumb/v7-m/nofp\libc_nano.a(libc_a-mlock.o)
                0x080064d4                __malloc_unlock
 .text.__ssputs_r
                0x080064e0       0xb6 C:/ST/STM32CubeIDE_1.12.0/STM32CubeIDE/plugins/com.st.stm32cube.ide.mcu.externaltools.gnu-tools-for-stm32.13.3.rel1.win32_1.0.0.202411081344/tools/bin/../lib/gcc/arm-none-eabi/13.3.1/../../../../arm-none-eabi/lib/thumb/v7-m/nofp\libc_nano.a(libc_a-nano-svfprintf.o)
                0x080064e0                __ssputs_r
 *fill*         0x08006596        0x2 
 .text._svfprintf_r
                0x08006598      0x1f8 C:/ST/STM32CubeIDE_1.12.0/STM32CubeIDE/plugins/com.st.stm32cube.ide.mcu.externaltools.gnu-tools-for-stm32.13.3.rel1.win32_1.0.0.202411081344/tools/bin/../lib/gcc/arm-none-eabi/13.3.1/../../../../arm-none-eabi/lib/thumb/v7-m/nofp\libc_nano.a(libc_a-nano-svfprintf.o)
                0x08006598                _svfiprintf_r
                0x08006598                _svfprintf_r
 .text._printf_common
                0x08006790       0xe4 C:/ST/STM32CubeIDE_1.12.0/STM32CubeIDE/plugins/com.st.stm32cube.ide.mcu.externaltools.gnu-tools-for-stm32.13.3.rel1.win32_1.0.0.202411081344/tools/bin/../lib/gcc/arm-none-eabi/13.3.1/../../../../arm-none-eabi/lib/thumb/v7-m/nofp\libc_nano.a(libc_a-nano-vfprintf_i.o)
                0x08006790                _printf_common
 .text._printf_i
                0x08006874      0x23c C:/ST/STM32CubeIDE_1.12.0/STM32CubeIDE/plugins/com.st.stm32cube.ide.mcu.externaltools.gnu-tools-for-stm32.13.3.rel1.win32_1.0.0.202411081344/tools/bin/../lib/gcc/arm-none-eabi/13.3.1/../../../../arm-none-eabi/lib/thumb/v7-m/nofp\libc_nano.a(libc_a-nano-vfprintf_i.o)
                0x08006874                _printf_i
 .text._sbrk_r  0x08006ab0       0x20 C:/ST/STM32CubeIDE_1.12.0/STM32CubeIDE/plugins/com.st.stm32cube.ide.mcu.externaltools.gnu-tools-for-stm32.13.3.rel1.win32_1.0.0.202411081344/tools/bin/../lib/gcc/arm-none-eabi/13.3.1/../../../../arm-none-eabi/lib/thumb/v7-m/nofp\libc_nano.a(libc_a-sbrkr.o)
                0x08006ab0                _sbrk_r
 .text.memchr   0x08006ad0       0x1c C:/ST/STM32CubeIDE_1.12.0/STM32CubeIDE/plugins/com.st.stm32cube.ide.mcu.externaltools.gnu-tools-for-stm32.13.3.rel1.win32_1.0.0.202411081344/tools/bin/../lib/gcc/arm-none-eabi/13.3.1/../../../../arm-none-eabi/lib/thumb/v7-m/nofp\libc_nano.a(libc_a-memchr-stub.o)
                0x08006ad0                memchr
 .text._realloc_r
                0x08006aec       0x5c C:/ST/STM32CubeIDE_1.12.0/STM32CubeIDE/plugins/com.st.stm32cube.ide.mcu.externaltools.gnu-tools-for-stm32.13.3.rel1.win32_1.0.0.202411081344/tools/bin/../lib/gcc/arm-none-eabi/13.3.1/../../../../arm-none-eabi/lib/thumb/v7-m/nofp\libc_nano.a(libc_a-reallocr.o)
                0x08006aec                _realloc_r
 .text._malloc_usable_size_r
                0x08006b48       0x10 C:/ST/STM32CubeIDE_1.12.0/STM32CubeIDE/plugins/com.st.stm32cube.ide.mcu.externaltools.gnu-tools-for-stm32.13.3.rel1.win32_1.0.0.202411081344/tools/bin/../lib/gcc/arm-none-eabi/13.3.1/../../../../arm-none-eabi/lib/thumb/v7-m/nofp\libc_nano.a(libc_a-msizer.o)
                0x08006b48                _malloc_usable_size_r
 .text.sqrt     0x08006b58       0x48 C:/ST/STM32CubeIDE_1.12.0/STM32CubeIDE/plugins/com.st.stm32cube.ide.mcu.externaltools.gnu-tools-for-stm32.13.3.rel1.win32_1.0.0.202411081344/tools/bin/../lib/gcc/arm-none-eabi/13.3.1/../../../../arm-none-eabi/lib/thumb/v7-m/nofp\libm.a(libm_a-w_sqrt.o)
                0x08006b58                sqrt
 .text.__ieee754_sqrt
                0x08006ba0      0x1a4 C:/ST/STM32CubeIDE_1.12.0/STM32CubeIDE/plugins/com.st.stm32cube.ide.mcu.externaltools.gnu-tools-for-stm32.13.3.rel1.win32_1.0.0.202411081344/tools/bin/../lib/gcc/arm-none-eabi/13.3.1/../../../../arm-none-eabi/lib/thumb/v7-m/nofp\libm.a(libm_a-e_sqrt.o)
                0x08006ba0                __ieee754_sqrt
 *(.glue_7)
 .glue_7        0x08006d44        0x0 linker stubs
 *(.glue_7t)
 .glue_7t       0x08006d44        0x0 linker stubs
 *(.eh_frame)
 .eh_frame      0x08006d44        0x0 C:/ST/STM32CubeIDE_1.12.0/STM32CubeIDE/plugins/com.st.stm32cube.ide.mcu.externaltools.gnu-tools-for-stm32.13.3.rel1.win32_1.0.0.202411081344/tools/bin/../lib/gcc/arm-none-eabi/13.3.1/thumb/v7-m/nofp/crtbegin.o
 *(.init)
 .init          0x08006d44        0x4 C:/ST/STM32CubeIDE_1.12.0/STM32CubeIDE/plugins/com.st.stm32cube.ide.mcu.externaltools.gnu-tools-for-stm32.13.3.rel1.win32_1.0.0.202411081344/tools/bin/../lib/gcc/arm-none-eabi/13.3.1/thumb/v7-m/nofp/crti.o
                0x08006d44                _init
 .init          0x08006d48        0x8 C:/ST/STM32CubeIDE_1.12.0/STM32CubeIDE/plugins/com.st.stm32cube.ide.mcu.externaltools.gnu-tools-for-stm32.13.3.rel1.win32_1.0.0.202411081344/tools/bin/../lib/gcc/arm-none-eabi/13.3.1/thumb/v7-m/nofp/crtn.o
 *(.fini)
 .fini          0x08006d50        0x4 C:/ST/STM32CubeIDE_1.12.0/STM32CubeIDE/plugins/com.st.stm32cube.ide.mcu.externaltools.gnu-tools-for-stm32.13.3.rel1.win32_1.0.0.202411081344/tools/bin/../lib/gcc/arm-none-eabi/13.3.1/thumb/v7-m/nofp/crti.o
                0x08006d50                _fini
 .fini          0x08006d54        0x8 C:/ST/STM32CubeIDE_1.12.0/STM32CubeIDE/plugins/com.st.stm32cube.ide.mcu.externaltools.gnu-tools-for-stm32.13.3.rel1.win32_1.0.0.202411081344/tools/bin/../lib/gcc/arm-none-eabi/13.3.1/thumb/v7-m/nofp/crtn.o
                0x08006d5c                        . = ALIGN (0x4)
                0x08006d5c                        _etext = .

.vfp11_veneer   0x08006d5c        0x0
 .vfp11_veneer  0x08006d5c        0x0 linker stubs

.v4_bx          0x08006d5c        0x0
 .v4_bx         0x08006d5c        0x0 linker stubs

.iplt           0x08006d5c        0x0
 .iplt          0x08006d5c        0x0 C:/ST/STM32CubeIDE_1.12.0/STM32CubeIDE/plugins/com.st.stm32cube.ide.mcu.externaltools.gnu-tools-for-stm32.13.3.rel1.win32_1.0.0.202411081344/tools/bin/../lib/gcc/arm-none-eabi/13.3.1/thumb/v7-m/nofp/crtbegin.o

.rodata         0x08006d60     0x2000
                0x08006d60                        . = ALIGN (0x4)
 *(.rodata)
 .rodata        0x08006d60      0x156 ./Core/Src/OledUI.o
 *(.rodata*)
 *fill*         0x08006eb6        0x2 
 .rodata.icon_cafe_full_42x41
                0x08006eb8       0xf6 ./Core/Src/OledUI.o
                0x08006eb8                icon_cafe_full_42x41
 *fill*         0x08006fae        0x2 
 .rodata.icon_cafe_mid_42x41
                0x08006fb0       0xf6 ./Core/Src/OledUI.o
                0x08006fb0                icon_cafe_mid_42x41
 *fill*         0x080070a6        0x2 
 .rodata.icon_cafe_low_42x41
                0x080070a8       0xf6 ./Core/Src/OledUI.o
                0x080070a8                icon_cafe_low_42x41
 *fill*         0x0800719e        0x2 
 .rodata.icon_warning_31x28
                0x080071a0       0x70 ./Core/Src/OledUI.o
                0x080071a0                icon_warning_31x28
 .rodata.AHBPrescTable
                0x08007210       0x10 ./Core/Src/system_stm32f1xx.o
                0x08007210                AHBPrescTable
 .rodata.APBPrescTable
                0x08007220        0x8 ./Core/Src/system_stm32f1xx.o
                0x08007220                APBPrescTable
 .rodata.aPLLMULFactorTable.1
                0x08007228       0x10 ./Drivers/STM32F1xx_HAL_Driver/Src/stm32f1xx_hal_rcc.o
 .rodata.aPredivFactorTable.0
                0x08007238        0x2 ./Drivers/STM32F1xx_HAL_Driver/Src/stm32f1xx_hal_rcc.o
 *fill*         0x0800723a        0x2 
 .rodata.Font7x10
                0x0800723c      0x76c ./Libs/ssd1306/ssd1306_fonts.o
 .rodata.Font11x18
                0x080079a8      0xd5c ./Libs/ssd1306/ssd1306_fonts.o
 .rodata.Font6x8
                0x08008704      0x5f0 ./Libs/ssd1306/ssd1306_fonts.o
 .rodata.Font_6x8
                0x08008cf4        0xc ./Libs/ssd1306/ssd1306_fonts.o
                0x08008cf4                Font_6x8
 .rodata.Font_7x10
                0x08008d00        0xc ./Libs/ssd1306/ssd1306_fonts.o
                0x08008d00                Font_7x10
 .rodata.Font_11x18
                0x08008d0c        0xc ./Libs/ssd1306/ssd1306_fonts.o
                0x08008d0c                Font_11x18
 .rodata._svfprintf_r.str1.1
                0x08008d18       0x33 C:/ST/STM32CubeIDE_1.12.0/STM32CubeIDE/plugins/com.st.stm32cube.ide.mcu.externaltools.gnu-tools-for-stm32.13.3.rel1.win32_1.0.0.202411081344/tools/bin/../lib/gcc/arm-none-eabi/13.3.1/../../../../arm-none-eabi/lib/thumb/v7-m/nofp\libc_nano.a(libc_a-nano-svfprintf.o)
                                 0x11 (size before relaxing)
 .rodata._printf_i.str1.1
                0x08008d4b       0x22 C:/ST/STM32CubeIDE_1.12.0/STM32CubeIDE/plugins/com.st.stm32cube.ide.mcu.externaltools.gnu-tools-for-stm32.13.3.rel1.win32_1.0.0.202411081344/tools/bin/../lib/gcc/arm-none-eabi/13.3.1/../../../../arm-none-eabi/lib/thumb/v7-m/nofp\libc_nano.a(libc_a-nano-vfprintf_i.o)
 *fill*         0x08008d4b        0x5 
 .rodata.tiny   0x08008d50        0x8 C:/ST/STM32CubeIDE_1.12.0/STM32CubeIDE/plugins/com.st.stm32cube.ide.mcu.externaltools.gnu-tools-for-stm32.13.3.rel1.win32_1.0.0.202411081344/tools/bin/../lib/gcc/arm-none-eabi/13.3.1/../../../../arm-none-eabi/lib/thumb/v7-m/nofp\libm.a(libm_a-e_sqrt.o)
 .rodata.one    0x08008d58        0x8 C:/ST/STM32CubeIDE_1.12.0/STM32CubeIDE/plugins/com.st.stm32cube.ide.mcu.externaltools.gnu-tools-for-stm32.13.3.rel1.win32_1.0.0.202411081344/tools/bin/../lib/gcc/arm-none-eabi/13.3.1/../../../../arm-none-eabi/lib/thumb/v7-m/nofp\libm.a(libm_a-e_sqrt.o)
                0x08008d60                        . = ALIGN (0x4)

.ARM.extab      0x08008d60        0x0
                0x08008d60                        . = ALIGN (0x4)
 *(.ARM.extab* .gnu.linkonce.armextab.*)
                0x08008d60                        . = ALIGN (0x4)

.ARM            0x08008d60        0x0
                0x08008d60                        . = ALIGN (0x4)
                0x08008d60                        __exidx_start = .
 *(.ARM.exidx*)
                0x08008d60                        __exidx_end = .
                0x08008d60                        . = ALIGN (0x4)

.preinit_array  0x08008d60        0x0
                0x08008d60                        . = ALIGN (0x4)
                0x08008d60                        PROVIDE (__preinit_array_start = .)
 *(.preinit_array*)
                0x08008d60                        PROVIDE (__preinit_array_end = .)
                0x08008d60                        . = ALIGN (0x4)

.init_array     0x08008d60        0x4
                0x08008d60                        . = ALIGN (0x4)
                0x08008d60                        PROVIDE (__init_array_start = .)
 *(SORT_BY_NAME(.init_array.*))
 *(.init_array*)
 .init_array    0x08008d60        0x4 C:/ST/STM32CubeIDE_1.12.0/STM32CubeIDE/plugins/com.st.stm32cube.ide.mcu.externaltools.gnu-tools-for-stm32.13.3.rel1.win32_1.0.0.202411081344/tools/bin/../lib/gcc/arm-none-eabi/13.3.1/thumb/v7-m/nofp/crtbegin.o
                0x08008d64                        PROVIDE (__init_array_end = .)
                0x08008d64                        . = ALIGN (0x4)

.fini_array     0x08008d64        0x4
                0x08008d64                        . = ALIGN (0x4)
                [!provide]                        PROVIDE (__fini_array_start = .)
 *(SORT_BY_NAME(.fini_array.*))
 *(.fini_array*)
 .fini_array    0x08008d64        0x4 C:/ST/STM32CubeIDE_1.12.0/STM32CubeIDE/plugins/com.st.stm32cube.ide.mcu.externaltools.gnu-tools-for-stm32.13.3.rel1.win32_1.0.0.202411081344/tools/bin/../lib/gcc/arm-none-eabi/13.3.1/thumb/v7-m/nofp/crtbegin.o
                [!provide]                        PROVIDE (__fini_array_end = .)
                0x08008d68                        . = ALIGN (0x4)
                0x08008d68                        _sidata = LOADADDR (.data)

.rel.dyn        0x08008d68        0x0
 .rel.iplt      0x08008d68        0x0 C:/ST/STM32CubeIDE_1.12.0/STM32CubeIDE/plugins/com.st.stm32cube.ide.mcu.externaltools.gnu-tools-for-stm32.13.3.rel1.win32_1.0.0.202411081344/tools/bin/../lib/gcc/arm-none-eabi/13.3.1/thumb/v7-m/nofp/crtbegin.o

.data           0x20000000       0x78 load address 0x08008d68
                0x20000000                        . = ALIGN (0x4)
                0x20000000                        _sdata = .
 *(.data)
 *(.data*)
 .data.s_brewStepName
                0x20000000       0x18 ./Core/Src/OledUI.o
                0x20000000                s_brewStepName
 .data.countPacket
                0x20000018        0x1 ./Core/Src/main.o
                0x20000018                countPacket
 .data.levelWater
                0x20000019        0x1 ./Core/Src/main.o
                0x20000019                levelWater
 *fill*         0x2000001a        0x2 
 .data.SystemCoreClock
                0x2000001c        0x4 ./Core/Src/system_stm32f1xx.o
                0x2000001c                SystemCoreClock
 .data.uwTickPrio
                0x20000020        0x4 ./Drivers/STM32F1xx_HAL_Driver/Src/stm32f1xx_hal.o
                0x20000020                uwTickPrio
 .data.uwTickFreq
                0x20000024        0x1 ./Drivers/STM32F1xx_HAL_Driver/Src/stm32f1xx_hal.o
                0x20000024                uwTickFreq
 *fill*         0x20000025        0x3 
 .data._impure_ptr
                0x20000028        0x4 C:/ST/STM32CubeIDE_1.12.0/STM32CubeIDE/plugins/com.st.stm32cube.ide.mcu.externaltools.gnu-tools-for-stm32.13.3.rel1.win32_1.0.0.202411081344/tools/bin/../lib/gcc/arm-none-eabi/13.3.1/../../../../arm-none-eabi/lib/thumb/v7-m/nofp\libc_nano.a(libc_a-impure.o)
                0x20000028                _impure_ptr
 .data._impure_data
                0x2000002c       0x4c C:/ST/STM32CubeIDE_1.12.0/STM32CubeIDE/plugins/com.st.stm32cube.ide.mcu.externaltools.gnu-tools-for-stm32.13.3.rel1.win32_1.0.0.202411081344/tools/bin/../lib/gcc/arm-none-eabi/13.3.1/../../../../arm-none-eabi/lib/thumb/v7-m/nofp\libc_nano.a(libc_a-impure.o)
                0x2000002c                _impure_data
 *(.RamFunc)
 *(.RamFunc*)
                0x20000078                        . = ALIGN (0x4)
                0x20000078                        _edata = .

.igot.plt       0x20000078        0x0 load address 0x08008de0
 .igot.plt      0x20000078        0x0 C:/ST/STM32CubeIDE_1.12.0/STM32CubeIDE/plugins/com.st.stm32cube.ide.mcu.externaltools.gnu-tools-for-stm32.13.3.rel1.win32_1.0.0.202411081344/tools/bin/../lib/gcc/arm-none-eabi/13.3.1/thumb/v7-m/nofp/crtbegin.o
                0x20000078                        . = ALIGN (0x4)

.bss            0x20000078      0x7e8 load address 0x08008de0
                0x20000078                        _sbss = .
                0x20000078                        __bss_start__ = _sbss
 *(.bss)
 .bss           0x20000078       0x1c C:/ST/STM32CubeIDE_1.12.0/STM32CubeIDE/plugins/com.st.stm32cube.ide.mcu.externaltools.gnu-tools-for-stm32.13.3.rel1.win32_1.0.0.202411081344/tools/bin/../lib/gcc/arm-none-eabi/13.3.1/thumb/v7-m/nofp/crtbegin.o
 *(.bss*)
 .bss.hi2c1     0x20000094       0x54 ./Core/Src/i2c.o
                0x20000094                hi2c1
 .bss.hi2c2     0x200000e8       0x54 ./Core/Src/i2c.o
                0x200000e8                hi2c2
 .bss.motor_j1_data
                0x2000013c       0x54 ./Core/Src/main.o
                0x2000013c                motor_j1_data
 .bss.motor_j2_data
                0x20000190       0x54 ./Core/Src/main.o
                0x20000190                motor_j2_data
 .bss.j1IsHoming
                0x200001e4        0x1 ./Core/Src/main.o
                0x200001e4                j1IsHoming
 *fill*         0x200001e5        0x3 
 .bss.__sbrk_heap_end
                0x200001e8        0x4 ./Core/Src/sysmem.o
 .bss.htim1     0x200001ec       0x48 ./Core/Src/tim.o
                0x200001ec                htim1
 .bss.htim2     0x20000234       0x48 ./Core/Src/tim.o
                0x20000234                htim2
 .bss.htim3     0x2000027c       0x48 ./Core/Src/tim.o
                0x2000027c                htim3
 .bss.htim4     0x200002c4       0x48 ./Core/Src/tim.o
                0x200002c4                htim4
 .bss.uwTick    0x2000030c        0x4 ./Drivers/STM32F1xx_HAL_Driver/Src/stm32f1xx_hal.o
                0x2000030c                uwTick
 .bss.SSD1306_Buffer
                0x20000310      0x400 ./Libs/ssd1306/ssd1306.o
 .bss.SSD1306   0x20000710        0x6 ./Libs/ssd1306/ssd1306.o
 *fill*         0x20000716        0x2 
 .bss.__sf      0x20000718      0x138 C:/ST/STM32CubeIDE_1.12.0/STM32CubeIDE/plugins/com.st.stm32cube.ide.mcu.externaltools.gnu-tools-for-stm32.13.3.rel1.win32_1.0.0.202411081344/tools/bin/../lib/gcc/arm-none-eabi/13.3.1/../../../../arm-none-eabi/lib/thumb/v7-m/nofp\libc_nano.a(libc_a-findfp.o)
                0x20000718                __sf
 .bss.errno     0x20000850        0x4 C:/ST/STM32CubeIDE_1.12.0/STM32CubeIDE/plugins/com.st.stm32cube.ide.mcu.externaltools.gnu-tools-for-stm32.13.3.rel1.win32_1.0.0.202411081344/tools/bin/../lib/gcc/arm-none-eabi/13.3.1/../../../../arm-none-eabi/lib/thumb/v7-m/nofp\libc_nano.a(libc_a-reent.o)
                0x20000850                errno
 .bss.__lock___malloc_recursive_mutex
                0x20000854        0x1 C:/ST/STM32CubeIDE_1.12.0/STM32CubeIDE/plugins/com.st.stm32cube.ide.mcu.externaltools.gnu-tools-for-stm32.13.3.rel1.win32_1.0.0.202411081344/tools/bin/../lib/gcc/arm-none-eabi/13.3.1/../../../../arm-none-eabi/lib/thumb/v7-m/nofp\libc_nano.a(libc_a-lock.o)
                0x20000854                __lock___malloc_recursive_mutex
 *fill*         0x20000855        0x3 
 .bss.__malloc_sbrk_start
                0x20000858        0x4 C:/ST/STM32CubeIDE_1.12.0/STM32CubeIDE/plugins/com.st.stm32cube.ide.mcu.externaltools.gnu-tools-for-stm32.13.3.rel1.win32_1.0.0.202411081344/tools/bin/../lib/gcc/arm-none-eabi/13.3.1/../../../../arm-none-eabi/lib/thumb/v7-m/nofp\libc_nano.a(libc_a-mallocr.o)
                0x20000858                __malloc_sbrk_start
 .bss.__malloc_free_list
                0x2000085c        0x4 C:/ST/STM32CubeIDE_1.12.0/STM32CubeIDE/plugins/com.st.stm32cube.ide.mcu.externaltools.gnu-tools-for-stm32.13.3.rel1.win32_1.0.0.202411081344/tools/bin/../lib/gcc/arm-none-eabi/13.3.1/../../../../arm-none-eabi/lib/thumb/v7-m/nofp\libc_nano.a(libc_a-mallocr.o)
                0x2000085c                __malloc_free_list
 *(COMMON)
                0x20000860                        . = ALIGN (0x4)
                0x20000860                        _ebss = .
                0x20000860                        __bss_end__ = _ebss

._user_heap_stack
                0x20000860      0x600 load address 0x08008de0
                0x20000860                        . = ALIGN (0x8)
                [!provide]                        PROVIDE (end = .)
                0x20000860                        PROVIDE (_end = .)
                0x20000a60                        . = (. + _Min_Heap_Size)
 *fill*         0x20000860      0x200 
                0x20000e60                        . = (. + _Min_Stack_Size)
 *fill*         0x20000a60      0x400 
                0x20000e60                        . = ALIGN (0x8)

/DISCARD/
 libc.a(*)
 libm.a(*)
 libgcc.a(*)

.ARM.attributes
                0x00000000       0x29
 *(.ARM.attributes)
 .ARM.attributes
                0x00000000       0x1d C:/ST/STM32CubeIDE_1.12.0/STM32CubeIDE/plugins/com.st.stm32cube.ide.mcu.externaltools.gnu-tools-for-stm32.13.3.rel1.win32_1.0.0.202411081344/tools/bin/../lib/gcc/arm-none-eabi/13.3.1/thumb/v7-m/nofp/crti.o
 .ARM.attributes
                0x0000001d       0x2d C:/ST/STM32CubeIDE_1.12.0/STM32CubeIDE/plugins/com.st.stm32cube.ide.mcu.externaltools.gnu-tools-for-stm32.13.3.rel1.win32_1.0.0.202411081344/tools/bin/../lib/gcc/arm-none-eabi/13.3.1/thumb/v7-m/nofp/crtbegin.o
 .ARM.attributes
                0x0000004a       0x2d ./Core/Src/AccelStepper.o
 .ARM.attributes
                0x00000077       0x2d ./Core/Src/OledUI.o
 .ARM.attributes
                0x000000a4       0x2d ./Core/Src/gpio.o
 .ARM.attributes
                0x000000d1       0x2d ./Core/Src/i2c.o
 .ARM.attributes
                0x000000fe       0x2d ./Core/Src/main.o
 .ARM.attributes
                0x0000012b       0x2d ./Core/Src/stm32f1xx_hal_msp.o
 .ARM.attributes
                0x00000158       0x2d ./Core/Src/stm32f1xx_it.o
 .ARM.attributes
                0x00000185       0x2d ./Core/Src/sysmem.o
 .ARM.attributes
                0x000001b2       0x2d ./Core/Src/system_stm32f1xx.o
 .ARM.attributes
                0x000001df       0x2d ./Core/Src/tim.o
 .ARM.attributes
                0x0000020c       0x21 ./Core/Startup/startup_stm32f103c8tx.o
 .ARM.attributes
                0x0000022d       0x2d ./Drivers/STM32F1xx_HAL_Driver/Src/stm32f1xx_hal.o
 .ARM.attributes
                0x0000025a       0x2d ./Drivers/STM32F1xx_HAL_Driver/Src/stm32f1xx_hal_cortex.o
 .ARM.attributes
                0x00000287       0x2d ./Drivers/STM32F1xx_HAL_Driver/Src/stm32f1xx_hal_gpio.o
 .ARM.attributes
                0x000002b4       0x2d ./Drivers/STM32F1xx_HAL_Driver/Src/stm32f1xx_hal_i2c.o
 .ARM.attributes
                0x000002e1       0x2d ./Drivers/STM32F1xx_HAL_Driver/Src/stm32f1xx_hal_rcc.o
 .ARM.attributes
                0x0000030e       0x2d ./Drivers/STM32F1xx_HAL_Driver/Src/stm32f1xx_hal_tim.o
 .ARM.attributes
                0x0000033b       0x2d ./Drivers/STM32F1xx_HAL_Driver/Src/stm32f1xx_hal_tim_ex.o
 .ARM.attributes
                0x00000368       0x2d ./Libs/ssd1306/ssd1306.o
 .ARM.attributes
                0x00000395       0x2d ./Libs/ssd1306/ssd1306_fonts.o
 .ARM.attributes
                0x000003c2       0x2d C:/ST/STM32CubeIDE_1.12.0/STM32CubeIDE/plugins/com.st.stm32cube.ide.mcu.externaltools.gnu-tools-for-stm32.13.3.rel1.win32_1.0.0.202411081344/tools/bin/../lib/gcc/arm-none-eabi/13.3.1/../../../../arm-none-eabi/lib/thumb/v7-m/nofp\libc_nano.a(libc_a-findfp.o)
 .ARM.attributes
                0x000003ef       0x2d C:/ST/STM32CubeIDE_1.12.0/STM32CubeIDE/plugins/com.st.stm32cube.ide.mcu.externaltools.gnu-tools-for-stm32.13.3.rel1.win32_1.0.0.202411081344/tools/bin/../lib/gcc/arm-none-eabi/13.3.1/../../../../arm-none-eabi/lib/thumb/v7-m/nofp\libc_nano.a(libc_a-snprintf.o)
 .ARM.attributes
                0x0000041c       0x2d C:/ST/STM32CubeIDE_1.12.0/STM32CubeIDE/plugins/com.st.stm32cube.ide.mcu.externaltools.gnu-tools-for-stm32.13.3.rel1.win32_1.0.0.202411081344/tools/bin/../lib/gcc/arm-none-eabi/13.3.1/../../../../arm-none-eabi/lib/thumb/v7-m/nofp\libc_nano.a(libc_a-memmove.o)
 .ARM.attributes
                0x00000449       0x2d C:/ST/STM32CubeIDE_1.12.0/STM32CubeIDE/plugins/com.st.stm32cube.ide.mcu.externaltools.gnu-tools-for-stm32.13.3.rel1.win32_1.0.0.202411081344/tools/bin/../lib/gcc/arm-none-eabi/13.3.1/../../../../arm-none-eabi/lib/thumb/v7-m/nofp\libc_nano.a(libc_a-memset.o)
 .ARM.attributes
                0x00000476       0x2d C:/ST/STM32CubeIDE_1.12.0/STM32CubeIDE/plugins/com.st.stm32cube.ide.mcu.externaltools.gnu-tools-for-stm32.13.3.rel1.win32_1.0.0.202411081344/tools/bin/../lib/gcc/arm-none-eabi/13.3.1/../../../../arm-none-eabi/lib/thumb/v7-m/nofp\libc_nano.a(libc_a-reent.o)
 .ARM.attributes
                0x000004a3       0x2d C:/ST/STM32CubeIDE_1.12.0/STM32CubeIDE/plugins/com.st.stm32cube.ide.mcu.externaltools.gnu-tools-for-stm32.13.3.rel1.win32_1.0.0.202411081344/tools/bin/../lib/gcc/arm-none-eabi/13.3.1/../../../../arm-none-eabi/lib/thumb/v7-m/nofp\libc_nano.a(libc_a-impure.o)
 .ARM.attributes
                0x000004d0       0x2d C:/ST/STM32CubeIDE_1.12.0/STM32CubeIDE/plugins/com.st.stm32cube.ide.mcu.externaltools.gnu-tools-for-stm32.13.3.rel1.win32_1.0.0.202411081344/tools/bin/../lib/gcc/arm-none-eabi/13.3.1/../../../../arm-none-eabi/lib/thumb/v7-m/nofp\libc_nano.a(libc_a-errno.o)
 .ARM.attributes
                0x000004fd       0x2d C:/ST/STM32CubeIDE_1.12.0/STM32CubeIDE/plugins/com.st.stm32cube.ide.mcu.externaltools.gnu-tools-for-stm32.13.3.rel1.win32_1.0.0.202411081344/tools/bin/../lib/gcc/arm-none-eabi/13.3.1/../../../../arm-none-eabi/lib/thumb/v7-m/nofp\libc_nano.a(libc_a-init.o)
 .ARM.attributes
                0x0000052a       0x2d C:/ST/STM32CubeIDE_1.12.0/STM32CubeIDE/plugins/com.st.stm32cube.ide.mcu.externaltools.gnu-tools-for-stm32.13.3.rel1.win32_1.0.0.202411081344/tools/bin/../lib/gcc/arm-none-eabi/13.3.1/../../../../arm-none-eabi/lib/thumb/v7-m/nofp\libc_nano.a(libc_a-lock.o)
 .ARM.attributes
                0x00000557       0x2d C:/ST/STM32CubeIDE_1.12.0/STM32CubeIDE/plugins/com.st.stm32cube.ide.mcu.externaltools.gnu-tools-for-stm32.13.3.rel1.win32_1.0.0.202411081344/tools/bin/../lib/gcc/arm-none-eabi/13.3.1/../../../../arm-none-eabi/lib/thumb/v7-m/nofp\libc_nano.a(libc_a-memcpy-stub.o)
 .ARM.attributes
                0x00000584       0x2d C:/ST/STM32CubeIDE_1.12.0/STM32CubeIDE/plugins/com.st.stm32cube.ide.mcu.externaltools.gnu-tools-for-stm32.13.3.rel1.win32_1.0.0.202411081344/tools/bin/../lib/gcc/arm-none-eabi/13.3.1/../../../../arm-none-eabi/lib/thumb/v7-m/nofp\libc_nano.a(libc_a-freer.o)
 .ARM.attributes
                0x000005b1       0x2d C:/ST/STM32CubeIDE_1.12.0/STM32CubeIDE/plugins/com.st.stm32cube.ide.mcu.externaltools.gnu-tools-for-stm32.13.3.rel1.win32_1.0.0.202411081344/tools/bin/../lib/gcc/arm-none-eabi/13.3.1/../../../../arm-none-eabi/lib/thumb/v7-m/nofp\libc_nano.a(libc_a-mallocr.o)
 .ARM.attributes
                0x000005de       0x2d C:/ST/STM32CubeIDE_1.12.0/STM32CubeIDE/plugins/com.st.stm32cube.ide.mcu.externaltools.gnu-tools-for-stm32.13.3.rel1.win32_1.0.0.202411081344/tools/bin/../lib/gcc/arm-none-eabi/13.3.1/../../../../arm-none-eabi/lib/thumb/v7-m/nofp\libc_nano.a(libc_a-mlock.o)
 .ARM.attributes
                0x0000060b       0x2d C:/ST/STM32CubeIDE_1.12.0/STM32CubeIDE/plugins/com.st.stm32cube.ide.mcu.externaltools.gnu-tools-for-stm32.13.3.rel1.win32_1.0.0.202411081344/tools/bin/../lib/gcc/arm-none-eabi/13.3.1/../../../../arm-none-eabi/lib/thumb/v7-m/nofp\libc_nano.a(libc_a-nano-svfprintf.o)
 .ARM.attributes
                0x00000638       0x2d C:/ST/STM32CubeIDE_1.12.0/STM32CubeIDE/plugins/com.st.stm32cube.ide.mcu.externaltools.gnu-tools-for-stm32.13.3.rel1.win32_1.0.0.202411081344/tools/bin/../lib/gcc/arm-none-eabi/13.3.1/../../../../arm-none-eabi/lib/thumb/v7-m/nofp\libc_nano.a(libc_a-nano-vfprintf_i.o)
 .ARM.attributes
                0x00000665       0x2d C:/ST/STM32CubeIDE_1.12.0/STM32CubeIDE/plugins/com.st.stm32cube.ide.mcu.externaltools.gnu-tools-for-stm32.13.3.rel1.win32_1.0.0.202411081344/tools/bin/../lib/gcc/arm-none-eabi/13.3.1/../../../../arm-none-eabi/lib/thumb/v7-m/nofp\libc_nano.a(libc_a-sbrkr.o)
 .ARM.attributes
                0x00000692       0x2d C:/ST/STM32CubeIDE_1.12.0/STM32CubeIDE/plugins/com.st.stm32cube.ide.mcu.externaltools.gnu-tools-for-stm32.13.3.rel1.win32_1.0.0.202411081344/tools/bin/../lib/gcc/arm-none-eabi/13.3.1/../../../../arm-none-eabi/lib/thumb/v7-m/nofp\libc_nano.a(libc_a-memchr-stub.o)
 .ARM.attributes
                0x000006bf       0x2d C:/ST/STM32CubeIDE_1.12.0/STM32CubeIDE/plugins/com.st.stm32cube.ide.mcu.externaltools.gnu-tools-for-stm32.13.3.rel1.win32_1.0.0.202411081344/tools/bin/../lib/gcc/arm-none-eabi/13.3.1/../../../../arm-none-eabi/lib/thumb/v7-m/nofp\libc_nano.a(libc_a-reallocr.o)
 .ARM.attributes
                0x000006ec       0x2d C:/ST/STM32CubeIDE_1.12.0/STM32CubeIDE/plugins/com.st.stm32cube.ide.mcu.externaltools.gnu-tools-for-stm32.13.3.rel1.win32_1.0.0.202411081344/tools/bin/../lib/gcc/arm-none-eabi/13.3.1/../../../../arm-none-eabi/lib/thumb/v7-m/nofp\libc_nano.a(libc_a-msizer.o)
 .ARM.attributes
                0x00000719       0x2d C:/ST/STM32CubeIDE_1.12.0/STM32CubeIDE/plugins/com.st.stm32cube.ide.mcu.externaltools.gnu-tools-for-stm32.13.3.rel1.win32_1.0.0.202411081344/tools/bin/../lib/gcc/arm-none-eabi/13.3.1/../../../../arm-none-eabi/lib/thumb/v7-m/nofp\libm.a(libm_a-w_sqrt.o)
 .ARM.attributes
                0x00000746       0x2d C:/ST/STM32CubeIDE_1.12.0/STM32CubeIDE/plugins/com.st.stm32cube.ide.mcu.externaltools.gnu-tools-for-stm32.13.3.rel1.win32_1.0.0.202411081344/tools/bin/../lib/gcc/arm-none-eabi/13.3.1/../../../../arm-none-eabi/lib/thumb/v7-m/nofp\libm.a(libm_a-e_sqrt.o)
 .ARM.attributes
                0x00000773       0x1d C:/ST/STM32CubeIDE_1.12.0/STM32CubeIDE/plugins/com.st.stm32cube.ide.mcu.externaltools.gnu-tools-for-stm32.13.3.rel1.win32_1.0.0.202411081344/tools/bin/../lib/gcc/arm-none-eabi/13.3.1/thumb/v7-m/nofp\libgcc.a(_arm_addsubdf3.o)
 .ARM.attributes
                0x00000790       0x1d C:/ST/STM32CubeIDE_1.12.0/STM32CubeIDE/plugins/com.st.stm32cube.ide.mcu.externaltools.gnu-tools-for-stm32.13.3.rel1.win32_1.0.0.202411081344/tools/bin/../lib/gcc/arm-none-eabi/13.3.1/thumb/v7-m/nofp\libgcc.a(_arm_muldivdf3.o)
 .ARM.attributes
                0x000007ad       0x1d C:/ST/STM32CubeIDE_1.12.0/STM32CubeIDE/plugins/com.st.stm32cube.ide.mcu.externaltools.gnu-tools-for-stm32.13.3.rel1.win32_1.0.0.202411081344/tools/bin/../lib/gcc/arm-none-eabi/13.3.1/thumb/v7-m/nofp\libgcc.a(_arm_cmpdf2.o)
 .ARM.attributes
                0x000007ca       0x1d C:/ST/STM32CubeIDE_1.12.0/STM32CubeIDE/plugins/com.st.stm32cube.ide.mcu.externaltools.gnu-tools-for-stm32.13.3.rel1.win32_1.0.0.202411081344/tools/bin/../lib/gcc/arm-none-eabi/13.3.1/thumb/v7-m/nofp\libgcc.a(_arm_unorddf2.o)
 .ARM.attributes
                0x000007e7       0x1d C:/ST/STM32CubeIDE_1.12.0/STM32CubeIDE/plugins/com.st.stm32cube.ide.mcu.externaltools.gnu-tools-for-stm32.13.3.rel1.win32_1.0.0.202411081344/tools/bin/../lib/gcc/arm-none-eabi/13.3.1/thumb/v7-m/nofp\libgcc.a(_arm_truncdfsf2.o)
 .ARM.attributes
                0x00000804       0x1d C:/ST/STM32CubeIDE_1.12.0/STM32CubeIDE/plugins/com.st.stm32cube.ide.mcu.externaltools.gnu-tools-for-stm32.13.3.rel1.win32_1.0.0.202411081344/tools/bin/../lib/gcc/arm-none-eabi/13.3.1/thumb/v7-m/nofp\libgcc.a(_arm_addsubsf3.o)
 .ARM.attributes
                0x00000821       0x1d C:/ST/STM32CubeIDE_1.12.0/STM32CubeIDE/plugins/com.st.stm32cube.ide.mcu.externaltools.gnu-tools-for-stm32.13.3.rel1.win32_1.0.0.202411081344/tools/bin/../lib/gcc/arm-none-eabi/13.3.1/thumb/v7-m/nofp\libgcc.a(_arm_muldivsf3.o)
 .ARM.attributes
                0x0000083e       0x1d C:/ST/STM32CubeIDE_1.12.0/STM32CubeIDE/plugins/com.st.stm32cube.ide.mcu.externaltools.gnu-tools-for-stm32.13.3.rel1.win32_1.0.0.202411081344/tools/bin/../lib/gcc/arm-none-eabi/13.3.1/thumb/v7-m/nofp\libgcc.a(_arm_cmpsf2.o)
 .ARM.attributes
                0x0000085b       0x1d C:/ST/STM32CubeIDE_1.12.0/STM32CubeIDE/plugins/com.st.stm32cube.ide.mcu.externaltools.gnu-tools-for-stm32.13.3.rel1.win32_1.0.0.202411081344/tools/bin/../lib/gcc/arm-none-eabi/13.3.1/thumb/v7-m/nofp\libgcc.a(_arm_fixsfsi.o)
 .ARM.attributes
                0x00000878       0x1d C:/ST/STM32CubeIDE_1.12.0/STM32CubeIDE/plugins/com.st.stm32cube.ide.mcu.externaltools.gnu-tools-for-stm32.13.3.rel1.win32_1.0.0.202411081344/tools/bin/../lib/gcc/arm-none-eabi/13.3.1/thumb/v7-m/nofp\libgcc.a(_arm_fixunssfsi.o)
 .ARM.attributes
                0x00000895       0x1d C:/ST/STM32CubeIDE_1.12.0/STM32CubeIDE/plugins/com.st.stm32cube.ide.mcu.externaltools.gnu-tools-for-stm32.13.3.rel1.win32_1.0.0.202411081344/tools/bin/../lib/gcc/arm-none-eabi/13.3.1/thumb/v7-m/nofp/crtn.o
OUTPUT(RobotPhaCafeGoi.elf elf32-littlearm)
LOAD linker stubs
LOAD C:/ST/STM32CubeIDE_1.12.0/STM32CubeIDE/plugins/com.st.stm32cube.ide.mcu.externaltools.gnu-tools-for-stm32.13.3.rel1.win32_1.0.0.202411081344/tools/bin/../lib/gcc/arm-none-eabi/13.3.1/../../../../arm-none-eabi/lib/thumb/v7-m/nofp\libc.a
LOAD C:/ST/STM32CubeIDE_1.12.0/STM32CubeIDE/plugins/com.st.stm32cube.ide.mcu.externaltools.gnu-tools-for-stm32.13.3.rel1.win32_1.0.0.202411081344/tools/bin/../lib/gcc/arm-none-eabi/13.3.1/../../../../arm-none-eabi/lib/thumb/v7-m/nofp\libm.a
LOAD C:/ST/STM32CubeIDE_1.12.0/STM32CubeIDE/plugins/com.st.stm32cube.ide.mcu.externaltools.gnu-tools-for-stm32.13.3.rel1.win32_1.0.0.202411081344/tools/bin/../lib/gcc/arm-none-eabi/13.3.1/thumb/v7-m/nofp\libgcc.a

.debug_info     0x00000000     0xdcb9
 .debug_info    0x00000000      0xb5d ./Core/Src/AccelStepper.o
 .debug_info    0x00000b5d      0x558 ./Core/Src/OledUI.o
 .debug_info    0x000010b5      0x2d3 ./Core/Src/gpio.o
 .debug_info    0x00001388      0x8d1 ./Core/Src/i2c.o
 .debug_info    0x00001c59      0xf00 ./Core/Src/main.o
 .debug_info    0x00002b59      0x1f1 ./Core/Src/stm32f1xx_hal_msp.o
 .debug_info    0x00002d4a      0x703 ./Core/Src/stm32f1xx_it.o
 .debug_info    0x0000344d      0x168 ./Core/Src/sysmem.o
 .debug_info    0x000035b5      0x222 ./Core/Src/system_stm32f1xx.o
 .debug_info    0x000037d7      0xe1a ./Core/Src/tim.o
 .debug_info    0x000045f1       0x30 ./Core/Startup/startup_stm32f103c8tx.o
 .debug_info    0x00004621      0x704 ./Drivers/STM32F1xx_HAL_Driver/Src/stm32f1xx_hal.o
 .debug_info    0x00004d25      0xa87 ./Drivers/STM32F1xx_HAL_Driver/Src/stm32f1xx_hal_cortex.o
 .debug_info    0x000057ac      0x5ab ./Drivers/STM32F1xx_HAL_Driver/Src/stm32f1xx_hal_gpio.o
 .debug_info    0x00005d57     0x2524 ./Drivers/STM32F1xx_HAL_Driver/Src/stm32f1xx_hal_i2c.o
 .debug_info    0x0000827b      0x7d5 ./Drivers/STM32F1xx_HAL_Driver/Src/stm32f1xx_hal_rcc.o
 .debug_info    0x00008a50     0x2959 ./Drivers/STM32F1xx_HAL_Driver/Src/stm32f1xx_hal_tim.o
 .debug_info    0x0000b3a9     0x149b ./Drivers/STM32F1xx_HAL_Driver/Src/stm32f1xx_hal_tim_ex.o
 .debug_info    0x0000c844     0x1239 ./Libs/ssd1306/ssd1306.o
 .debug_info    0x0000da7d      0x23c ./Libs/ssd1306/ssd1306_fonts.o

.debug_abbrev   0x00000000     0x27fc
 .debug_abbrev  0x00000000      0x264 ./Core/Src/AccelStepper.o
 .debug_abbrev  0x00000264      0x248 ./Core/Src/OledUI.o
 .debug_abbrev  0x000004ac      0x13f ./Core/Src/gpio.o
 .debug_abbrev  0x000005eb      0x1f5 ./Core/Src/i2c.o
 .debug_abbrev  0x000007e0      0x3bc ./Core/Src/main.o
 .debug_abbrev  0x00000b9c       0xdb ./Core/Src/stm32f1xx_hal_msp.o
 .debug_abbrev  0x00000c77      0x1a8 ./Core/Src/stm32f1xx_it.o
 .debug_abbrev  0x00000e1f       0xbc ./Core/Src/sysmem.o
 .debug_abbrev  0x00000edb      0x13f ./Core/Src/system_stm32f1xx.o
 .debug_abbrev  0x0000101a      0x274 ./Core/Src/tim.o
 .debug_abbrev  0x0000128e       0x24 ./Core/Startup/startup_stm32f103c8tx.o
 .debug_abbrev  0x000012b2      0x201 ./Drivers/STM32F1xx_HAL_Driver/Src/stm32f1xx_hal.o
 .debug_abbrev  0x000014b3      0x2f8 ./Drivers/STM32F1xx_HAL_Driver/Src/stm32f1xx_hal_cortex.o
 .debug_abbrev  0x000017ab      0x1ca ./Drivers/STM32F1xx_HAL_Driver/Src/stm32f1xx_hal_gpio.o
 .debug_abbrev  0x00001975      0x2a3 ./Drivers/STM32F1xx_HAL_Driver/Src/stm32f1xx_hal_i2c.o
 .debug_abbrev  0x00001c18      0x2b3 ./Drivers/STM32F1xx_HAL_Driver/Src/stm32f1xx_hal_rcc.o
 .debug_abbrev  0x00001ecb      0x277 ./Drivers/STM32F1xx_HAL_Driver/Src/stm32f1xx_hal_tim.o
 .debug_abbrev  0x00002142      0x282 ./Drivers/STM32F1xx_HAL_Driver/Src/stm32f1xx_hal_tim_ex.o
 .debug_abbrev  0x000023c4      0x371 ./Libs/ssd1306/ssd1306.o
 .debug_abbrev  0x00002735       0xc7 ./Libs/ssd1306/ssd1306_fonts.o

.debug_aranges  0x00000000      0xee8
 .debug_aranges
                0x00000000       0x80 ./Core/Src/AccelStepper.o
 .debug_aranges
                0x00000080       0x48 ./Core/Src/OledUI.o
 .debug_aranges
                0x000000c8       0x20 ./Core/Src/gpio.o
 .debug_aranges
                0x000000e8       0x38 ./Core/Src/i2c.o
 .debug_aranges
                0x00000120       0xc0 ./Core/Src/main.o
 .debug_aranges
                0x000001e0       0x20 ./Core/Src/stm32f1xx_hal_msp.o
 .debug_aranges
                0x00000200       0x80 ./Core/Src/stm32f1xx_it.o
 .debug_aranges
                0x00000280       0x20 ./Core/Src/sysmem.o
 .debug_aranges
                0x000002a0       0x28 ./Core/Src/system_stm32f1xx.o
 .debug_aranges
                0x000002c8       0x50 ./Core/Src/tim.o
 .debug_aranges
                0x00000318       0x28 ./Core/Startup/startup_stm32f103c8tx.o
 .debug_aranges
                0x00000340       0xe0 ./Drivers/STM32F1xx_HAL_Driver/Src/stm32f1xx_hal.o
 .debug_aranges
                0x00000420      0x100 ./Drivers/STM32F1xx_HAL_Driver/Src/stm32f1xx_hal_cortex.o
 .debug_aranges
                0x00000520       0x58 ./Drivers/STM32F1xx_HAL_Driver/Src/stm32f1xx_hal_gpio.o
 .debug_aranges
                0x00000578      0x2a8 ./Drivers/STM32F1xx_HAL_Driver/Src/stm32f1xx_hal_i2c.o
 .debug_aranges
                0x00000820       0x90 ./Drivers/STM32F1xx_HAL_Driver/Src/stm32f1xx_hal_rcc.o
 .debug_aranges
                0x000008b0      0x3d0 ./Drivers/STM32F1xx_HAL_Driver/Src/stm32f1xx_hal_tim.o
 .debug_aranges
                0x00000c80      0x168 ./Drivers/STM32F1xx_HAL_Driver/Src/stm32f1xx_hal_tim_ex.o
 .debug_aranges
                0x00000de8       0xe8 ./Libs/ssd1306/ssd1306.o
 .debug_aranges
                0x00000ed0       0x18 ./Libs/ssd1306/ssd1306_fonts.o

.debug_rnglists
                0x00000000      0xb8c
 .debug_rnglists
                0x00000000       0x63 ./Core/Src/AccelStepper.o
 .debug_rnglists
                0x00000063       0x35 ./Core/Src/OledUI.o
 .debug_rnglists
                0x00000098       0x14 ./Core/Src/gpio.o
 .debug_rnglists
                0x000000ac       0x26 ./Core/Src/i2c.o
 .debug_rnglists
                0x000000d2       0x90 ./Core/Src/main.o
 .debug_rnglists
                0x00000162       0x13 ./Core/Src/stm32f1xx_hal_msp.o
 .debug_rnglists
                0x00000175       0x5b ./Core/Src/stm32f1xx_it.o
 .debug_rnglists
                0x000001d0       0x13 ./Core/Src/sysmem.o
 .debug_rnglists
                0x000001e3       0x1a ./Core/Src/system_stm32f1xx.o
 .debug_rnglists
                0x000001fd       0x3e ./Core/Src/tim.o
 .debug_rnglists
                0x0000023b       0x19 ./Core/Startup/startup_stm32f103c8tx.o
 .debug_rnglists
                0x00000254       0xa3 ./Drivers/STM32F1xx_HAL_Driver/Src/stm32f1xx_hal.o
 .debug_rnglists
                0x000002f7       0xbb ./Drivers/STM32F1xx_HAL_Driver/Src/stm32f1xx_hal_cortex.o
 .debug_rnglists
                0x000003b2       0x3f ./Drivers/STM32F1xx_HAL_Driver/Src/stm32f1xx_hal_gpio.o
 .debug_rnglists
                0x000003f1      0x23c ./Drivers/STM32F1xx_HAL_Driver/Src/stm32f1xx_hal_i2c.o
 .debug_rnglists
                0x0000062d       0x6c ./Drivers/STM32F1xx_HAL_Driver/Src/stm32f1xx_hal_rcc.o
 .debug_rnglists
                0x00000699      0x31a ./Drivers/STM32F1xx_HAL_Driver/Src/stm32f1xx_hal_tim.o
 .debug_rnglists
                0x000009b3      0x125 ./Drivers/STM32F1xx_HAL_Driver/Src/stm32f1xx_hal_tim_ex.o
 .debug_rnglists
                0x00000ad8       0xb4 ./Libs/ssd1306/ssd1306.o

.debug_macro    0x00000000    0x18cdf
 .debug_macro   0x00000000      0x275 ./Core/Src/AccelStepper.o
 .debug_macro   0x00000275      0xacc ./Core/Src/AccelStepper.o
 .debug_macro   0x00000d41      0x21b ./Core/Src/AccelStepper.o
 .debug_macro   0x00000f5c       0x2e ./Core/Src/AccelStepper.o
 .debug_macro   0x00000f8a       0x22 ./Core/Src/AccelStepper.o
 .debug_macro   0x00000fac       0x22 ./Core/Src/AccelStepper.o
 .debug_macro   0x00000fce       0x8e ./Core/Src/AccelStepper.o
 .debug_macro   0x0000105c       0x51 ./Core/Src/AccelStepper.o
 .debug_macro   0x000010ad      0x103 ./Core/Src/AccelStepper.o
 .debug_macro   0x000011b0       0x6a ./Core/Src/AccelStepper.o
 .debug_macro   0x0000121a      0x1df ./Core/Src/AccelStepper.o
 .debug_macro   0x000013f9       0x1c ./Core/Src/AccelStepper.o
 .debug_macro   0x00001415       0x22 ./Core/Src/AccelStepper.o
 .debug_macro   0x00001437       0xbd ./Core/Src/AccelStepper.o
 .debug_macro   0x000014f4      0xd23 ./Core/Src/AccelStepper.o
 .debug_macro   0x00002217     0xe09e ./Core/Src/AccelStepper.o
 .debug_macro   0x000102b5       0x6d ./Core/Src/AccelStepper.o
 .debug_macro   0x00010322     0x34a2 ./Core/Src/AccelStepper.o
 .debug_macro   0x000137c4      0x190 ./Core/Src/AccelStepper.o
 .debug_macro   0x00013954       0x5c ./Core/Src/AccelStepper.o
 .debug_macro   0x000139b0      0x5bc ./Core/Src/AccelStepper.o
 .debug_macro   0x00013f6c      0x289 ./Core/Src/AccelStepper.o
 .debug_macro   0x000141f5      0x1cb ./Core/Src/AccelStepper.o
 .debug_macro   0x000143c0      0x114 ./Core/Src/AccelStepper.o
 .debug_macro   0x000144d4      0x1b2 ./Core/Src/AccelStepper.o
 .debug_macro   0x00014686       0x27 ./Core/Src/AccelStepper.o
 .debug_macro   0x000146ad      0x136 ./Core/Src/AccelStepper.o
 .debug_macro   0x000147e3      0x1bc ./Core/Src/AccelStepper.o
 .debug_macro   0x0001499f       0x34 ./Core/Src/AccelStepper.o
 .debug_macro   0x000149d3       0x3c ./Core/Src/AccelStepper.o
 .debug_macro   0x00014a0f       0x57 ./Core/Src/AccelStepper.o
 .debug_macro   0x00014a66       0x87 ./Core/Src/AccelStepper.o
 .debug_macro   0x00014aed      0x240 ./Core/Src/AccelStepper.o
 .debug_macro   0x00014d2d      0x287 ./Core/Src/AccelStepper.o
 .debug_macro   0x00014fb4      0x140 ./Core/Src/AccelStepper.o
 .debug_macro   0x000150f4      0x8ed ./Core/Src/AccelStepper.o
 .debug_macro   0x000159e1       0x83 ./Core/Src/AccelStepper.o
 .debug_macro   0x00015a64      0x124 ./Core/Src/AccelStepper.o
 .debug_macro   0x00015b88       0x61 ./Core/Src/AccelStepper.o
 .debug_macro   0x00015be9       0x24 ./Core/Src/AccelStepper.o
 .debug_macro   0x00015c0d       0x43 ./Core/Src/AccelStepper.o
 .debug_macro   0x00015c50       0x34 ./Core/Src/AccelStepper.o
 .debug_macro   0x00015c84      0x370 ./Core/Src/AccelStepper.o
 .debug_macro   0x00015ff4       0x16 ./Core/Src/AccelStepper.o
 .debug_macro   0x0001600a       0x4a ./Core/Src/AccelStepper.o
 .debug_macro   0x00016054       0x34 ./Core/Src/AccelStepper.o
 .debug_macro   0x00016088       0x10 ./Core/Src/AccelStepper.o
 .debug_macro   0x00016098       0x58 ./Core/Src/AccelStepper.o
 .debug_macro   0x000160f0       0x8e ./Core/Src/AccelStepper.o
 .debug_macro   0x0001617e       0x1c ./Core/Src/AccelStepper.o
 .debug_macro   0x0001619a      0x185 ./Core/Src/AccelStepper.o
 .debug_macro   0x0001631f      0x19b ./Core/Src/AccelStepper.o
 .debug_macro   0x000164ba       0x22 ./Core/Src/AccelStepper.o
 .debug_macro   0x000164dc       0x1c ./Core/Src/AccelStepper.o
 .debug_macro   0x000164f8      0x2c3 ./Core/Src/OledUI.o
 .debug_macro   0x000167bb       0x40 ./Core/Src/OledUI.o
 .debug_macro   0x000167fb       0x4c ./Core/Src/OledUI.o
 .debug_macro   0x00016847       0x16 ./Core/Src/OledUI.o
 .debug_macro   0x0001685d       0x3c ./Core/Src/OledUI.o
 .debug_macro   0x00016899       0x10 ./Core/Src/OledUI.o
 .debug_macro   0x000168a9       0x16 ./Core/Src/OledUI.o
 .debug_macro   0x000168bf       0x16 ./Core/Src/OledUI.o
 .debug_macro   0x000168d5      0x146 ./Core/Src/OledUI.o
 .debug_macro   0x00016a1b      0x1bc ./Core/Src/gpio.o
 .debug_macro   0x00016bd7      0x1bc ./Core/Src/i2c.o
 .debug_macro   0x00016d93      0x3a7 ./Core/Src/main.o
 .debug_macro   0x0001713a      0x1b2 ./Core/Src/stm32f1xx_hal_msp.o
 .debug_macro   0x000172ec      0x1bc ./Core/Src/stm32f1xx_it.o
 .debug_macro   0x000174a8      0x112 ./Core/Src/sysmem.o
 .debug_macro   0x000175ba      0x23c ./Core/Src/sysmem.o
 .debug_macro   0x000177f6      0x1a3 ./Core/Src/system_stm32f1xx.o
 .debug_macro   0x00017999      0x1bc ./Core/Src/tim.o
 .debug_macro   0x00017b55      0x1c7 ./Drivers/STM32F1xx_HAL_Driver/Src/stm32f1xx_hal.o
 .debug_macro   0x00017d1c      0x1a3 ./Drivers/STM32F1xx_HAL_Driver/Src/stm32f1xx_hal_cortex.o
 .debug_macro   0x00017ebf      0x20e ./Drivers/STM32F1xx_HAL_Driver/Src/stm32f1xx_hal_gpio.o
 .debug_macro   0x000180cd      0x1f1 ./Drivers/STM32F1xx_HAL_Driver/Src/stm32f1xx_hal_i2c.o
 .debug_macro   0x000182be      0x1b5 ./Drivers/STM32F1xx_HAL_Driver/Src/stm32f1xx_hal_rcc.o
 .debug_macro   0x00018473      0x1a4 ./Drivers/STM32F1xx_HAL_Driver/Src/stm32f1xx_hal_tim.o
 .debug_macro   0x00018617      0x1a3 ./Drivers/STM32F1xx_HAL_Driver/Src/stm32f1xx_hal_tim_ex.o
 .debug_macro   0x000187ba      0x2ce ./Libs/ssd1306/ssd1306.o
 .debug_macro   0x00018a88       0x28 ./Libs/ssd1306/ssd1306.o
 .debug_macro   0x00018ab0       0x16 ./Libs/ssd1306/ssd1306.o
 .debug_macro   0x00018ac6       0x20 ./Libs/ssd1306/ssd1306.o
 .debug_macro   0x00018ae6      0x1f9 ./Libs/ssd1306/ssd1306_fonts.o

.debug_line     0x00000000    0x12a2e
 .debug_line    0x00000000      0xd28 ./Core/Src/AccelStepper.o
 .debug_line    0x00000d28      0xa99 ./Core/Src/OledUI.o
 .debug_line    0x000017c1      0x73b ./Core/Src/gpio.o
 .debug_line    0x00001efc      0x7d4 ./Core/Src/i2c.o
 .debug_line    0x000026d0      0xced ./Core/Src/main.o
 .debug_line    0x000033bd      0x6fc ./Core/Src/stm32f1xx_hal_msp.o
 .debug_line    0x00003ab9      0x80c ./Core/Src/stm32f1xx_it.o
 .debug_line    0x000042c5      0x588 ./Core/Src/sysmem.o
 .debug_line    0x0000484d      0x77a ./Core/Src/system_stm32f1xx.o
 .debug_line    0x00004fc7      0xa64 ./Core/Src/tim.o
 .debug_line    0x00005a2b       0x78 ./Core/Startup/startup_stm32f103c8tx.o
 .debug_line    0x00005aa3      0x9ab ./Drivers/STM32F1xx_HAL_Driver/Src/stm32f1xx_hal.o
 .debug_line    0x0000644e      0xb75 ./Drivers/STM32F1xx_HAL_Driver/Src/stm32f1xx_hal_cortex.o
 .debug_line    0x00006fc3      0xa08 ./Drivers/STM32F1xx_HAL_Driver/Src/stm32f1xx_hal_gpio.o
 .debug_line    0x000079cb     0x3ba8 ./Drivers/STM32F1xx_HAL_Driver/Src/stm32f1xx_hal_i2c.o
 .debug_line    0x0000b573      0xe64 ./Drivers/STM32F1xx_HAL_Driver/Src/stm32f1xx_hal_rcc.o
 .debug_line    0x0000c3d7     0x3499 ./Drivers/STM32F1xx_HAL_Driver/Src/stm32f1xx_hal_tim.o
 .debug_line    0x0000f870     0x186f ./Drivers/STM32F1xx_HAL_Driver/Src/stm32f1xx_hal_tim_ex.o
 .debug_line    0x000110df     0x1159 ./Libs/ssd1306/ssd1306.o
 .debug_line    0x00012238      0x7f6 ./Libs/ssd1306/ssd1306_fonts.o

.debug_str      0x00000000    0x8c44c
 .debug_str     0x00000000    0x8c44c ./Core/Src/AccelStepper.o
                              0x87bdf (size before relaxing)
 .debug_str     0x0008c44c    0x87686 ./Core/Src/OledUI.o
 .debug_str     0x0008c44c    0x83ab4 ./Core/Src/gpio.o
 .debug_str     0x0008c44c    0x83faf ./Core/Src/i2c.o
 .debug_str     0x0008c44c    0x889d5 ./Core/Src/main.o
 .debug_str     0x0008c44c    0x83a3c ./Core/Src/stm32f1xx_hal_msp.o
 .debug_str     0x0008c44c    0x83fa9 ./Core/Src/stm32f1xx_it.o
 .debug_str     0x0008c44c     0x772b ./Core/Src/sysmem.o
 .debug_str     0x0008c44c    0x83448 ./Core/Src/system_stm32f1xx.o
 .debug_str     0x0008c44c    0x84564 ./Core/Src/tim.o
 .debug_str     0x0008c44c       0x85 ./Core/Startup/startup_stm32f103c8tx.o
 .debug_str     0x0008c44c    0x83b7b ./Drivers/STM32F1xx_HAL_Driver/Src/stm32f1xx_hal.o
 .debug_str     0x0008c44c    0x83ac7 ./Drivers/STM32F1xx_HAL_Driver/Src/stm32f1xx_hal_cortex.o
 .debug_str     0x0008c44c    0x837ce ./Drivers/STM32F1xx_HAL_Driver/Src/stm32f1xx_hal_gpio.o
 .debug_str     0x0008c44c    0x8450f ./Drivers/STM32F1xx_HAL_Driver/Src/stm32f1xx_hal_i2c.o
 .debug_str     0x0008c44c    0x83877 ./Drivers/STM32F1xx_HAL_Driver/Src/stm32f1xx_hal_rcc.o
 .debug_str     0x0008c44c    0x84879 ./Drivers/STM32F1xx_HAL_Driver/Src/stm32f1xx_hal_tim.o
 .debug_str     0x0008c44c    0x84085 ./Drivers/STM32F1xx_HAL_Driver/Src/stm32f1xx_hal_tim_ex.o
 .debug_str     0x0008c44c    0x879cd ./Libs/ssd1306/ssd1306.o
 .debug_str     0x0008c44c    0x8399a ./Libs/ssd1306/ssd1306_fonts.o

.comment        0x00000000       0x43
 .comment       0x00000000       0x43 ./Core/Src/AccelStepper.o
                                 0x44 (size before relaxing)
 .comment       0x00000043       0x44 ./Core/Src/OledUI.o
 .comment       0x00000043       0x44 ./Core/Src/gpio.o
 .comment       0x00000043       0x44 ./Core/Src/i2c.o
 .comment       0x00000043       0x44 ./Core/Src/main.o
 .comment       0x00000043       0x44 ./Core/Src/stm32f1xx_hal_msp.o
 .comment       0x00000043       0x44 ./Core/Src/stm32f1xx_it.o
 .comment       0x00000043       0x44 ./Core/Src/sysmem.o
 .comment       0x00000043       0x44 ./Core/Src/system_stm32f1xx.o
 .comment       0x00000043       0x44 ./Core/Src/tim.o
 .comment       0x00000043       0x44 ./Drivers/STM32F1xx_HAL_Driver/Src/stm32f1xx_hal.o
 .comment       0x00000043       0x44 ./Drivers/STM32F1xx_HAL_Driver/Src/stm32f1xx_hal_cortex.o
 .comment       0x00000043       0x44 ./Drivers/STM32F1xx_HAL_Driver/Src/stm32f1xx_hal_gpio.o
 .comment       0x00000043       0x44 ./Drivers/STM32F1xx_HAL_Driver/Src/stm32f1xx_hal_i2c.o
 .comment       0x00000043       0x44 ./Drivers/STM32F1xx_HAL_Driver/Src/stm32f1xx_hal_rcc.o
 .comment       0x00000043       0x44 ./Drivers/STM32F1xx_HAL_Driver/Src/stm32f1xx_hal_tim.o
 .comment       0x00000043       0x44 ./Drivers/STM32F1xx_HAL_Driver/Src/stm32f1xx_hal_tim_ex.o
 .comment       0x00000043       0x44 ./Libs/ssd1306/ssd1306.o
 .comment       0x00000043       0x44 ./Libs/ssd1306/ssd1306_fonts.o

.debug_frame    0x00000000     0x468c
 .debug_frame   0x00000000      0x208 ./Core/Src/AccelStepper.o
 .debug_frame   0x00000208       0xf8 ./Core/Src/OledUI.o
 .debug_frame   0x00000300       0x34 ./Core/Src/gpio.o
 .debug_frame   0x00000334       0x90 ./Core/Src/i2c.o
 .debug_frame   0x000003c4      0x2b4 ./Core/Src/main.o
 .debug_frame   0x00000678       0x38 ./Core/Src/stm32f1xx_hal_msp.o
 .debug_frame   0x000006b0      0x174 ./Core/Src/stm32f1xx_it.o
 .debug_frame   0x00000824       0x34 ./Core/Src/sysmem.o
 .debug_frame   0x00000858       0x58 ./Core/Src/system_stm32f1xx.o
 .debug_frame   0x000008b0      0x10c ./Core/Src/tim.o
 .debug_frame   0x000009bc      0x334 ./Drivers/STM32F1xx_HAL_Driver/Src/stm32f1xx_hal.o
 .debug_frame   0x00000cf0      0x428 ./Drivers/STM32F1xx_HAL_Driver/Src/stm32f1xx_hal_cortex.o
 .debug_frame   0x00001118      0x14c ./Drivers/STM32F1xx_HAL_Driver/Src/stm32f1xx_hal_gpio.o
 .debug_frame   0x00001264      0xc84 ./Drivers/STM32F1xx_HAL_Driver/Src/stm32f1xx_hal_i2c.o
 .debug_frame   0x00001ee8      0x218 ./Drivers/STM32F1xx_HAL_Driver/Src/stm32f1xx_hal_rcc.o
 .debug_frame   0x00002100     0x11b8 ./Drivers/STM32F1xx_HAL_Driver/Src/stm32f1xx_hal_tim.o
 .debug_frame   0x000032b8      0x638 ./Drivers/STM32F1xx_HAL_Driver/Src/stm32f1xx_hal_tim_ex.o
 .debug_frame   0x000038f0      0x3e0 ./Libs/ssd1306/ssd1306.o
 .debug_frame   0x00003cd0      0x144 C:/ST/STM32CubeIDE_1.12.0/STM32CubeIDE/plugins/com.st.stm32cube.ide.mcu.externaltools.gnu-tools-for-stm32.13.3.rel1.win32_1.0.0.202411081344/tools/bin/../lib/gcc/arm-none-eabi/13.3.1/../../../../arm-none-eabi/lib/thumb/v7-m/nofp\libc_nano.a(libc_a-findfp.o)
 .debug_frame   0x00003e14       0x7c C:/ST/STM32CubeIDE_1.12.0/STM32CubeIDE/plugins/com.st.stm32cube.ide.mcu.externaltools.gnu-tools-for-stm32.13.3.rel1.win32_1.0.0.202411081344/tools/bin/../lib/gcc/arm-none-eabi/13.3.1/../../../../arm-none-eabi/lib/thumb/v7-m/nofp\libc_nano.a(libc_a-snprintf.o)
 .debug_frame   0x00003e90       0x28 C:/ST/STM32CubeIDE_1.12.0/STM32CubeIDE/plugins/com.st.stm32cube.ide.mcu.externaltools.gnu-tools-for-stm32.13.3.rel1.win32_1.0.0.202411081344/tools/bin/../lib/gcc/arm-none-eabi/13.3.1/../../../../arm-none-eabi/lib/thumb/v7-m/nofp\libc_nano.a(libc_a-memmove.o)
 .debug_frame   0x00003eb8       0x20 C:/ST/STM32CubeIDE_1.12.0/STM32CubeIDE/plugins/com.st.stm32cube.ide.mcu.externaltools.gnu-tools-for-stm32.13.3.rel1.win32_1.0.0.202411081344/tools/bin/../lib/gcc/arm-none-eabi/13.3.1/../../../../arm-none-eabi/lib/thumb/v7-m/nofp\libc_nano.a(libc_a-memset.o)
 .debug_frame   0x00003ed8       0x38 C:/ST/STM32CubeIDE_1.12.0/STM32CubeIDE/plugins/com.st.stm32cube.ide.mcu.externaltools.gnu-tools-for-stm32.13.3.rel1.win32_1.0.0.202411081344/tools/bin/../lib/gcc/arm-none-eabi/13.3.1/../../../../arm-none-eabi/lib/thumb/v7-m/nofp\libc_nano.a(libc_a-reent.o)
 .debug_frame   0x00003f10       0x20 C:/ST/STM32CubeIDE_1.12.0/STM32CubeIDE/plugins/com.st.stm32cube.ide.mcu.externaltools.gnu-tools-for-stm32.13.3.rel1.win32_1.0.0.202411081344/tools/bin/../lib/gcc/arm-none-eabi/13.3.1/../../../../arm-none-eabi/lib/thumb/v7-m/nofp\libc_nano.a(libc_a-errno.o)
 .debug_frame   0x00003f30       0x2c C:/ST/STM32CubeIDE_1.12.0/STM32CubeIDE/plugins/com.st.stm32cube.ide.mcu.externaltools.gnu-tools-for-stm32.13.3.rel1.win32_1.0.0.202411081344/tools/bin/../lib/gcc/arm-none-eabi/13.3.1/../../../../arm-none-eabi/lib/thumb/v7-m/nofp\libc_nano.a(libc_a-init.o)
 .debug_frame   0x00003f5c       0xb0 C:/ST/STM32CubeIDE_1.12.0/STM32CubeIDE/plugins/com.st.stm32cube.ide.mcu.externaltools.gnu-tools-for-stm32.13.3.rel1.win32_1.0.0.202411081344/tools/bin/../lib/gcc/arm-none-eabi/13.3.1/../../../../arm-none-eabi/lib/thumb/v7-m/nofp\libc_nano.a(libc_a-lock.o)
 .debug_frame   0x0000400c       0x28 C:/ST/STM32CubeIDE_1.12.0/STM32CubeIDE/plugins/com.st.stm32cube.ide.mcu.externaltools.gnu-tools-for-stm32.13.3.rel1.win32_1.0.0.202411081344/tools/bin/../lib/gcc/arm-none-eabi/13.3.1/../../../../arm-none-eabi/lib/thumb/v7-m/nofp\libc_nano.a(libc_a-memcpy-stub.o)
 .debug_frame   0x00004034       0x38 C:/ST/STM32CubeIDE_1.12.0/STM32CubeIDE/plugins/com.st.stm32cube.ide.mcu.externaltools.gnu-tools-for-stm32.13.3.rel1.win32_1.0.0.202411081344/tools/bin/../lib/gcc/arm-none-eabi/13.3.1/../../../../arm-none-eabi/lib/thumb/v7-m/nofp\libc_nano.a(libc_a-freer.o)
 .debug_frame   0x0000406c       0x50 C:/ST/STM32CubeIDE_1.12.0/STM32CubeIDE/plugins/com.st.stm32cube.ide.mcu.externaltools.gnu-tools-for-stm32.13.3.rel1.win32_1.0.0.202411081344/tools/bin/../lib/gcc/arm-none-eabi/13.3.1/../../../../arm-none-eabi/lib/thumb/v7-m/nofp\libc_nano.a(libc_a-mallocr.o)
 .debug_frame   0x000040bc       0x30 C:/ST/STM32CubeIDE_1.12.0/STM32CubeIDE/plugins/com.st.stm32cube.ide.mcu.externaltools.gnu-tools-for-stm32.13.3.rel1.win32_1.0.0.202411081344/tools/bin/../lib/gcc/arm-none-eabi/13.3.1/../../../../arm-none-eabi/lib/thumb/v7-m/nofp\libc_nano.a(libc_a-mlock.o)