../Core/Inc/oled_icons.h:113:30:OLED_IconGetCafeLevelBitmap	16	static
../Core/Inc/oled_icons.h:126:23:OLED_IconMapY	16	static
../Core/Inc/oled_icons.h:139:20:OLED_IconDrawCafeState	40	static
../Core/Inc/oled_icons.h:172:20:OLED_IconShowCafeLogoCentered	32	static
../Core/Src/freertos.c:179:6:HAL_TIM_PWM_PulseFinishedCallback	16	static
../Core/Src/freertos.c:189:6:HAL_GPIO_EXTI_Callback	24	static
../Core/Src/freertos.c:218:6:vApplicationGetIdleTaskMemory	24	static
../Core/Src/freertos.c:233:6:MX_FREERTOS_Init	120	static
../Core/Src/freertos.c:283:13:Oled_PrintLineTop	24	static
../Core/Src/freertos.c:294:13:Oled_BuildCenteredLine	24	static
../Core/Src/freertos.c:313:13:Oled_PrintCenteredTop	40	static
../Core/Src/freertos.c:320:13:Oled_DrawPixelTop	24	static
../Core/Src/freertos.c:326:13:Oled_DrawRectTop	32	static
../Core/Src/freertos.c:344:13:Oled_FillRectTop	32	static
../Core/Src/freertos.c:356:24:Ui_ButtonIndexFromPin	16	static
../Core/Src/freertos.c:374:13:Ui_ConfigButtonExtiHardware	32	static
../Core/Src/freertos.c:391:13:Ui_PollButtons	4	static
../Core/Src/freertos.c:396:13:Ui_TakeShort	16	static
../Core/Src/freertos.c:406:13:Ui_TakeLong	16	static
../Core/Src/freertos.c:412:13:Ui_WaterOk	8	static
../Core/Src/freertos.c:417:13:Ui_CupPresent	8	static
../Core/Src/freertos.c:422:16:Ui_LoadPacketCount	4	static
../Core/Src/freertos.c:430:13:Ui_SavePacketCount	16	static
../Core/Src/freertos.c:438:24:Ui_SizeToLevel	16	static
../Core/Src/freertos.c:452:13:Ui_RenderHome	40	static
../Core/Src/freertos.c:464:13:Ui_RenderBoot	8	static
../Core/Src/freertos.c:471:13:Ui_RenderSimpleScreen	24	static
../Core/Src/freertos.c:486:13:Ui_RenderProgress	32	static
../Core/Src/freertos.c:501:13:Ui_RenderBrewing	16	static
../Core/Src/freertos.c:526:13:Ui_RenderComplete	16	static
../Core/Src/freertos.c:534:13:Ui_RenderSettings	24	static
../Core/Src/freertos.c:549:13:Ui_RenderPacketEditor	32	static
../Core/Src/freertos.c:561:13:Ui_RenderSystemInfo	48	static
../Core/Src/freertos.c:575:13:Ui_RenderCleaning	8	static
../Core/Src/freertos.c:583:13:Ui_EnterState	16	static
../Core/Src/freertos.c:598:13:Ui_RenderCurrent	16	static
../Core/Src/freertos.c:657:13:Ui_HandleState	24	static
../Core/Src/freertos.c:801:6:StartDefaultTask	24	static
../Core/Src/freertos.c:859:6:StartTaskJ1	80	static
../Core/Src/freertos.c:903:6:StartTaskJ2	80	static
