../Core/Inc/oled_icons.h:113:30:OLED_IconGetCafeLevelBitmap	16	static
../Core/Inc/oled_icons.h:126:23:OLED_IconMapY	16	static
../Core/Inc/oled_icons.h:139:20:OLED_IconDrawCafeState	40	static
../Core/Inc/oled_icons.h:172:20:OLED_IconShowCafeLogoCentered	32	static
../Core/Src/freertos.c:223:6:HAL_TIM_PWM_PulseFinishedCallback	16	static
../Core/Src/freertos.c:233:6:HAL_GPIO_EXTI_Callback	24	static
../Core/Src/freertos.c:262:6:vApplicationGetIdleTaskMemory	24	static
../Core/Src/freertos.c:277:6:MX_FREERTOS_Init	152	static
../Core/Src/freertos.c:335:13:Oled_PrintLineTop	24	static
../Core/Src/freertos.c:346:13:Oled_BuildCenteredLine	24	static
../Core/Src/freertos.c:365:13:Oled_PrintCenteredTop	40	static
../Core/Src/freertos.c:372:13:Oled_DrawPixelTop	24	static
../Core/Src/freertos.c:378:13:Oled_DrawRectTop	32	static
../Core/Src/freertos.c:396:13:Oled_FillRectTop	32	static
../Core/Src/freertos.c:408:24:Ui_ButtonIndexFromPin	16	static
../Core/Src/freertos.c:426:13:Ui_ConfigButtonExtiHardware	32	static
../Core/Src/freertos.c:443:13:Ui_PollButtons	4	static
../Core/Src/freertos.c:448:13:Ui_TakeShort	16	static
../Core/Src/freertos.c:458:13:Ui_TakeLong	16	static
../Core/Src/freertos.c:464:13:Ui_WaterOk	8	static
../Core/Src/freertos.c:469:13:Ui_CupPresent	8	static
../Core/Src/freertos.c:474:16:Ui_LoadPacketCount	4	static
../Core/Src/freertos.c:482:13:Ui_SavePacketCount	16	static
../Core/Src/freertos.c:490:24:Ui_SizeToLevel	16	static
../Core/Src/freertos.c:503:13:Brew_StopAllActuators	8	static
../Core/Src/freertos.c:514:13:Brew_ResetPacketServos	4	static
../Core/Src/freertos.c:521:13:Brew_Start	8	static
../Core/Src/freertos.c:539:13:Brew_Abort	8	static
../Core/Src/freertos.c:548:13:Brew_Process	32	static
../Core/Src/freertos.c:707:13:Motion_PauseNonStepperTasks	8	static
../Core/Src/freertos.c:714:13:Motion_ResumeNonStepperTasks	8	static
../Core/Src/freertos.c:721:13:Motion_WaitJ1DoneExclusive	8	static,ignoring_inline_asm
../Core/Src/freertos.c:730:26:Ui_OledUpdateRecover	16	static
../Core/Src/freertos.c:749:13:Ui_RenderHome	40	static
../Core/Src/freertos.c:761:13:Ui_RenderBoot	8	static
../Core/Src/freertos.c:768:13:Ui_RenderSimpleScreen	24	static
../Core/Src/freertos.c:783:13:Ui_RenderProgress	32	static
../Core/Src/freertos.c:798:13:Ui_RenderBrewing	8	static
../Core/Src/freertos.c:807:13:Ui_RenderComplete	16	static
../Core/Src/freertos.c:815:13:Ui_RenderSettings	24	static
../Core/Src/freertos.c:830:13:Ui_RenderPacketEditor	32	static
../Core/Src/freertos.c:842:13:Ui_RenderSystemInfo	48	static
../Core/Src/freertos.c:856:13:Ui_RenderCleaning	8	static
../Core/Src/freertos.c:864:13:Ui_EnterState	16	static
../Core/Src/freertos.c:878:13:Ui_RenderCurrent	16	static
../Core/Src/freertos.c:937:13:Ui_HandleState	16	static
../Core/Src/freertos.c:1090:6:StartDefaultTask	24	static
../Core/Src/freertos.c:1143:6:StartTaskJ1	88	static,ignoring_inline_asm
../Core/Src/freertos.c:1201:6:StartTaskJ2	88	static,ignoring_inline_asm
../Core/Src/freertos.c:1259:6:khaylatup	8	static
../Core/Src/freertos.c:1265:6:khayLatngua	8	static
../Core/Src/freertos.c:1271:6:khayLock	8	static
../Core/Src/freertos.c:1277:6:keocat	8	static
../Core/Src/freertos.c:1284:6:catMiengGoi	8	static
../Core/Src/freertos.c:1299:6:khayRung	16	static
../Core/Src/freertos.c:1316:6:StartTaskBrewing	24	static
