../Core/Src/main.c:99:6:HAL_TIM_PWM_PulseFinishedCallback	16	static
../Core/Src/main.c:124:6:InitRcServos	8	static
../Core/Src/main.c:138:6:InitPump	8	static
../Core/Src/main.c:143:6:AddingWater	8	static
../Core/Src/main.c:164:6:khaylatup	8	static
../Core/Src/main.c:170:6:khayLatngua	8	static
../Core/Src/main.c:176:6:khayLock	8	static
../Core/Src/main.c:183:6:khayIdle	8	static
../Core/Src/main.c:188:6:keocat	8	static
../Core/Src/main.c:195:6:catMiengGoi	8	static
../Core/Src/main.c:211:6:J1MoveTo	16	static,ignoring_inline_asm
../Core/Src/main.c:221:6:J2MoveTo	16	static,ignoring_inline_asm
../Core/Src/main.c:231:6:khayRung	16	static
../Core/Src/main.c:245:6:InitMotorJ1	96	static
../Core/Src/main.c:259:6:InitMotorJ2	96	static
../Core/Src/main.c:273:6:J1Homing	8	static
../Core/Src/main.c:280:6:Mixing	16	static
../Core/Src/main.c:291:6:Brewing	16	static
../Core/Src/main.c:338:5:main	16	static
../Core/Src/main.c:416:6:SystemClock_Config	72	static
../Core/Src/main.c:461:6:Error_Handler	4	static,ignoring_inline_asm
