../Core/Src/main.c:93:6:InitRcServos	8	static
../Core/Src/main.c:107:6:khaylatup	8	static
../Core/Src/main.c:113:6:khayLatngua	8	static
../Core/Src/main.c:119:6:khayLock	8	static
../Core/Src/main.c:125:6:keocat	8	static
../Core/Src/main.c:132:6:catMiengGoi	8	static
../Core/Src/main.c:147:6:khayRung	4	static
../Core/Src/main.c:162:6:InitMotorJ1	72	static
../Core/Src/main.c:188:6:Brewing	8	static
../Core/Src/main.c:207:5:main	16	static
../Core/Src/main.c:288:6:SystemClock_Config	72	static
../Core/Src/main.c:325:6:HAL_TIM_PWM_PulseFinishedCallback	16	static
../Core/Src/main.c:341:6:Error_Handler	4	static,ignoring_inline_asm
