../Core/Src/oled_ssd1306.c:92:23:OLED_FindGlyph	24	static
../Core/Src/oled_ssd1306.c:105:16:OLED_MapTopY	16	static
../Core/Src/oled_ssd1306.c:118:26:OLED_WriteCmd	32	static
../Core/Src/oled_ssd1306.c:127:6:OLED_Init	24	static
../Core/Src/oled_ssd1306.c:154:6:OLED_Clear	8	static
../Core/Src/oled_ssd1306.c:159:6:OLED_DrawPixel	24	static
../Core/Src/oled_ssd1306.c:177:6:OLED_DrawBitmap	40	static
../Core/Src/oled_ssd1306.c:202:6:OLED_DrawCharXY	40	static
../Core/Src/oled_ssd1306.c:238:6:OLED_DrawTextXY	24	static
../Core/Src/oled_ssd1306.c:262:6:OLED_SetCursor	16	static
../Core/Src/oled_ssd1306.c:275:6:OLED_WriteText	24	static
../Core/Src/oled_ssd1306.c:298:6:OLED_PrintLine	32	static
../Core/Src/oled_ssd1306.c:337:19:OLED_Update	152	static
